Blender 4.5.9 LTS (hash 8bf95cbd38d1 built 2026-04-21 01:31:15)
Fra:1 Mem:16.53M (Peak 16.53M) | Time:00:00.10 | Mem:0.00M, Peak:0.00M | Scene, ViewLayer | Synchronizing object | floor_tile_crypt.floor_tile
Fra:1 Mem:16.53M (Peak 16.53M) | Time:00:00.10 | Mem:0.00M, Peak:0.00M | Scene, ViewLayer | Synchronizing object | floor_tile_crypt.floor_tile.002
Fra:1 Mem:16.53M (Peak 16.53M) | Time:00:00.10 | Mem:0.00M, Peak:0.00M | Scene, ViewLayer | Synchronizing object | floor_tile_crypt.floor_tile.007
Fra:1 Mem:16.53M (Peak 16.53M) | Time:00:00.10 | Mem:0.00M, Peak:0.00M | Scene, ViewLayer | Synchronizing object | wall_panel_crypt.wall_panel.005
Fra:1 Mem:16.54M (Peak 16.54M) | Time:00:00.10 | Mem:0.00M, Peak:0.00M | Scene, ViewLayer | Synchronizing object | wall_corner_crypt.wall_corner.001
Fra:1 Mem:16.54M (Peak 16.54M) | Time:00:00.10 | Mem:0.00M, Peak:0.00M | Scene, ViewLayer | Synchronizing object | wall_corner_crypt.wall_corner.003
Fra:1 Mem:16.54M (Peak 16.54M) | Time:00:00.10 | Mem:0.00M, Peak:0.00M | Scene, ViewLayer | Synchronizing object | floor_tile_crypt.floor_tile.012
Fra:1 Mem:16.54M (Peak 16.54M) | Time:00:00.10 | Mem:0.00M, Peak:0.00M | Scene, ViewLayer | Synchronizing object | column_crypt.column
Fra:1 Mem:16.54M (Peak 16.54M) | Time:00:00.10 | Mem:0.00M, Peak:0.00M | Scene, ViewLayer | Synchronizing object | floor_tile_crypt.floor_tile.013
Fra:1 Mem:16.54M (Peak 16.54M) | Time:00:00.10 | Mem:0.00M, Peak:0.00M | Scene, ViewLayer | Synchronizing object | floor_tile_crypt.floor_tile.015
Fra:1 Mem:16.55M (Peak 16.55M) | Time:00:00.10 | Mem:0.00M, Peak:0.00M | Scene, ViewLayer | Synchronizing object | floor_tile_crypt.floor_tile.016
Fra:1 Mem:16.55M (Peak 16.55M) | Time:00:00.10 | Mem:0.00M, Peak:0.00M | Scene, ViewLayer | Synchronizing object | floor_tile_crypt.floor_tile.017
Fra:1 Mem:16.55M (Peak 16.55M) | Time:00:00.10 | Mem:0.00M, Peak:0.00M | Scene, ViewLayer | Synchronizing object | floor_tile_crypt.floor_tile.019
Fra:1 Mem:16.55M (Peak 16.55M) | Time:00:00.10 | Mem:0.00M, Peak:0.00M | Scene, ViewLayer | Synchronizing object | floor_tile_crypt.floor_tile.021
Fra:1 Mem:16.55M (Peak 16.55M) | Time:00:00.10 | Mem:0.00M, Peak:0.00M | Scene, ViewLayer | Synchronizing object | floor_tile_crypt.floor_tile.022
Fra:1 Mem:16.56M (Peak 16.56M) | Time:00:00.10 | Mem:0.00M, Peak:0.00M | Scene, ViewLayer | Synchronizing object | floor_tile_crypt.floor_tile.024
Fra:1 Mem:16.56M (Peak 16.56M) | Time:00:00.10 | Mem:0.00M, Peak:0.00M | Scene, ViewLayer | Synchronizing object | wall_panel_crypt.wall_panel.011
Fra:1 Mem:16.56M (Peak 16.56M) | Time:00:00.10 | Mem:0.00M, Peak:0.00M | Scene, ViewLayer | Synchronizing object | wall_panel_crypt.wall_panel.012
Fra:1 Mem:16.56M (Peak 16.56M) | Time:00:00.10 | Mem:0.00M, Peak:0.00M | Scene, ViewLayer | Synchronizing object | wall_panel_crypt.wall_panel.013
Fra:1 Mem:16.56M (Peak 16.56M) | Time:00:00.10 | Mem:0.00M, Peak:0.00M | Scene, ViewLayer | Synchronizing object | wall_panel_crypt.wall_panel.014
Fra:1 Mem:16.57M (Peak 16.57M) | Time:00:00.10 | Mem:0.00M, Peak:0.00M | Scene, ViewLayer | Synchronizing object | wall_panel_crypt.wall_panel.016
Fra:1 Mem:16.57M (Peak 16.57M) | Time:00:00.10 | Mem:0.00M, Peak:0.00M | Scene, ViewLayer | Synchronizing object | wall_panel_crypt.wall_panel.017
Fra:1 Mem:16.57M (Peak 16.57M) | Time:00:00.10 | Mem:0.00M, Peak:0.00M | Scene, ViewLayer | Synchronizing object | wall_panel_crypt.wall_panel.018
Fra:1 Mem:16.58M (Peak 16.58M) | Time:00:00.10 | Mem:0.00M, Peak:0.00M | Scene, ViewLayer | Synchronizing object | wall_panel_crypt.wall_panel.020
Fra:1 Mem:16.58M (Peak 16.58M) | Time:00:00.10 | Mem:0.00M, Peak:0.00M | Scene, ViewLayer | Synchronizing object | wall_panel_crypt.wall_panel.023
Fra:1 Mem:16.58M (Peak 16.58M) | Time:00:00.10 | Mem:0.00M, Peak:0.00M | Scene, ViewLayer | Synchronizing object | wall_panel_crypt.wall_panel.024
Fra:1 Mem:16.58M (Peak 16.58M) | Time:00:00.10 | Mem:0.00M, Peak:0.00M | Scene, ViewLayer | Synchronizing object | wall_corner_crypt.wall_corner.004
Fra:1 Mem:16.58M (Peak 16.58M) | Time:00:00.10 | Mem:0.00M, Peak:0.00M | Scene, ViewLayer | Synchronizing object | wall_corner_crypt.wall_corner.005
Fra:1 Mem:16.59M (Peak 16.59M) | Time:00:00.10 | Mem:0.00M, Peak:0.00M | Scene, ViewLayer | Synchronizing object | wall_corner_crypt.wall_corner.006
Fra:1 Mem:16.59M (Peak 16.59M) | Time:00:00.10 | Mem:0.00M, Peak:0.00M | Scene, ViewLayer | Synchronizing object | wall_corner_crypt.wall_corner.007
Fra:1 Mem:16.60M (Peak 16.60M) | Time:00:00.10 | Mem:0.00M, Peak:0.00M | Scene, ViewLayer | Synchronizing object | corridor_straight_crypt.corridor_straight.001
Fra:1 Mem:16.60M (Peak 16.60M) | Time:00:00.10 | Mem:0.00M, Peak:0.00M | Scene, ViewLayer | Synchronizing object | corridor_straight_crypt.corridor_straight.002
Fra:1 Mem:16.60M (Peak 16.60M) | Time:00:00.10 | Mem:0.00M, Peak:0.00M | Scene, ViewLayer | Synchronizing object | corridor_straight_crypt.corridor_straight.003
Fra:1 Mem:16.61M (Peak 16.61M) | Time:00:00.10 | Mem:0.00M, Peak:0.00M | Scene, ViewLayer | Synchronizing object | corridor_straight_crypt.corridor_straight.005
Fra:1 Mem:16.61M (Peak 16.61M) | Time:00:00.10 | Mem:0.00M, Peak:0.00M | Scene, ViewLayer | Synchronizing object | corridor_straight_crypt.corridor_straight.004
Fra:1 Mem:16.61M (Peak 16.61M) | Time:00:00.10 | Mem:0.00M, Peak:0.00M | Scene, ViewLayer | Synchronizing object | corridor_straight_crypt.corridor_straight.006
Fra:1 Mem:16.61M (Peak 16.61M) | Time:00:00.10 | Mem:0.00M, Peak:0.00M | Scene, ViewLayer | Synchronizing object | corridor_straight_crypt.corridor_straight.007
Fra:1 Mem:16.61M (Peak 16.61M) | Time:00:00.10 | Mem:0.00M, Peak:0.00M | Scene, ViewLayer | Synchronizing object | corridor_straight_crypt.corridor_straight.009
Fra:1 Mem:16.61M (Peak 16.61M) | Time:00:00.10 | Mem:0.00M, Peak:0.00M | Scene, ViewLayer | Synchronizing object | corridor_straight_crypt.corridor_straight.010
Fra:1 Mem:16.62M (Peak 16.62M) | Time:00:00.10 | Mem:0.00M, Peak:0.00M | Scene, ViewLayer | Synchronizing object | corridor_straight_crypt.corridor_straight.012
Fra:1 Mem:16.62M (Peak 16.62M) | Time:00:00.10 | Mem:0.00M, Peak:0.00M | Scene, ViewLayer | Synchronizing object | corridor_straight_crypt.corridor_straight.013
Fra:1 Mem:16.62M (Peak 16.62M) | Time:00:00.10 | Mem:0.00M, Peak:0.00M | Scene, ViewLayer | Synchronizing object | corridor_straight_crypt.corridor_straight.016
Fra:1 Mem:16.62M (Peak 16.62M) | Time:00:00.10 | Mem:0.00M, Peak:0.00M | Scene, ViewLayer | Synchronizing object | corridor_straight_crypt.corridor_straight.017
Fra:1 Mem:16.63M (Peak 16.63M) | Time:00:00.10 | Mem:0.00M, Peak:0.00M | Scene, ViewLayer | Synchronizing object | corridor_straight_crypt.corridor_straight.021
Fra:1 Mem:16.63M (Peak 16.63M) | Time:00:00.10 | Mem:0.00M, Peak:0.00M | Scene, ViewLayer | Synchronizing object | corridor_straight_crypt.corridor_straight.022
Fra:1 Mem:16.63M (Peak 16.63M) | Time:00:00.10 | Mem:0.00M, Peak:0.00M | Scene, ViewLayer | Synchronizing object | corridor_straight_crypt.corridor_straight.023
Fra:1 Mem:16.63M (Peak 16.63M) | Time:00:00.10 | Mem:0.00M, Peak:0.00M | Scene, ViewLayer | Synchronizing object | corridor_straight_crypt.corridor_straight.024
Fra:1 Mem:16.63M (Peak 16.63M) | Time:00:00.10 | Mem:0.00M, Peak:0.00M | Scene, ViewLayer | Synchronizing object | corridor_straight_crypt.corridor_straight.026
Fra:1 Mem:16.63M (Peak 16.63M) | Time:00:00.10 | Mem:0.00M, Peak:0.00M | Scene, ViewLayer | Synchronizing object | corridor_straight_crypt.corridor_straight.027
Fra:1 Mem:16.63M (Peak 16.63M) | Time:00:00.10 | Mem:0.00M, Peak:0.00M | Scene, ViewLayer | Synchronizing object | corridor_straight_crypt.corridor_straight.028
Fra:1 Mem:16.64M (Peak 16.64M) | Time:00:00.10 | Mem:0.00M, Peak:0.00M | Scene, ViewLayer | Synchronizing object | corridor_straight_crypt.corridor_straight.029
Fra:1 Mem:16.64M (Peak 16.64M) | Time:00:00.10 | Mem:0.00M, Peak:0.00M | Scene, ViewLayer | Synchronizing object | corridor_l_crypt.corridor_l
Fra:1 Mem:16.64M (Peak 16.64M) | Time:00:00.10 | Mem:0.00M, Peak:0.00M | Scene, ViewLayer | Synchronizing object | end_cap_crypt.end_cap
Fra:1 Mem:16.64M (Peak 16.64M) | Time:00:00.10 | Mem:0.00M, Peak:0.00M | Scene, ViewLayer | Synchronizing object | end_cap_crypt.end_cap.001
Fra:1 Mem:16.64M (Peak 16.64M) | Time:00:00.10 | Mem:0.00M, Peak:0.00M | Scene, ViewLayer | Synchronizing object | sarcophagus_crypt.sarcophagus
Fra:1 Mem:16.64M (Peak 16.64M) | Time:00:00.10 | Mem:0.00M, Peak:0.00M | Scene, ViewLayer | Synchronizing object | brazier_light
Fra:1 Mem:16.67M (Peak 16.67M) | Time:00:00.10 | Mem:0.00M, Peak:0.00M | Scene, ViewLayer | Initializing
Fra:1 Mem:13.34M (Peak 16.67M) | Time:00:00.10 | Mem:0.00M, Peak:0.00M | Scene, ViewLayer | Waiting for render to start
Fra:1 Mem:13.34M (Peak 16.67M) | Time:00:00.10 | Mem:0.00M, Peak:0.00M | Scene, ViewLayer | Updating Scene
Fra:1 Mem:13.34M (Peak 16.67M) | Time:00:00.10 | Mem:0.00M, Peak:0.00M | Scene, ViewLayer | Updating Shaders
Fra:1 Mem:13.34M (Peak 16.67M) | Time:00:00.10 | Mem:0.00M, Peak:0.00M | Scene, ViewLayer | Loading render kernels (may take a few minutes the first time)
Fra:1 Mem:13.42M (Peak 41.44M) | Time:00:00.16 | Mem:0.01M, Peak:0.01M | Scene, ViewLayer | Updating Procedurals
Fra:1 Mem:13.42M (Peak 41.44M) | Time:00:00.16 | Mem:0.01M, Peak:0.01M | Scene, ViewLayer | Updating Background
Fra:1 Mem:13.42M (Peak 41.44M) | Time:00:00.16 | Mem:0.01M, Peak:0.01M | Scene, ViewLayer | Updating Camera
Fra:1 Mem:13.42M (Peak 41.44M) | Time:00:00.16 | Mem:0.01M, Peak:0.01M | Scene, ViewLayer | Updating Meshes Flags
Fra:1 Mem:13.42M (Peak 41.44M) | Time:00:00.16 | Mem:0.01M, Peak:0.01M | Scene, ViewLayer | Updating Objects
Fra:1 Mem:13.42M (Peak 41.44M) | Time:00:00.16 | Mem:0.01M, Peak:0.01M | Scene, ViewLayer | Updating Objects | Copying Transformations to device
Fra:1 Mem:13.44M (Peak 41.44M) | Time:00:00.16 | Mem:0.03M, Peak:0.03M | Scene, ViewLayer | Updating Particle Systems
Fra:1 Mem:13.44M (Peak 41.44M) | Time:00:00.16 | Mem:0.03M, Peak:0.03M | Scene, ViewLayer | Updating Particle Systems | Copying Particles to device
Fra:1 Mem:13.44M (Peak 41.44M) | Time:00:00.16 | Mem:0.03M, Peak:0.03M | Scene, ViewLayer | Updating Meshes
Fra:1 Mem:13.44M (Peak 41.44M) | Time:00:00.16 | Mem:0.03M, Peak:0.03M | Scene, ViewLayer | Updating Objects | Applying Static Transformations
Fra:1 Mem:13.44M (Peak 41.44M) | Time:00:00.16 | Mem:0.03M, Peak:0.03M | Scene, ViewLayer | Updating Mesh | Computing attributes
Fra:1 Mem:13.47M (Peak 41.44M) | Time:00:00.16 | Mem:0.04M, Peak:0.04M | Scene, ViewLayer | Updating Mesh | Copying Attributes to device
Fra:1 Mem:13.46M (Peak 41.44M) | Time:00:00.16 | Mem:0.05M, Peak:0.05M | Scene, ViewLayer | Updating Geometry BVH Cube.007 5/78 | Building BVH
Fra:1 Mem:13.46M (Peak 41.44M) | Time:00:00.16 | Mem:0.05M, Peak:0.05M | Scene, ViewLayer | Updating Geometry BVH Cube.024 16/100 | Building BVH
Fra:1 Mem:13.46M (Peak 41.44M) | Time:00:00.16 | Mem:0.05M, Peak:0.05M | Scene, ViewLayer | Updating Geometry BVH Cube.027 19/100 | Building OptiX acceleration structure
Fra:1 Mem:13.46M (Peak 41.44M) | Time:00:00.16 | Mem:0.05M, Peak:0.05M | Scene, ViewLayer | Updating Geometry BVH Cube.028 20/100 | Building BVH
Fra:1 Mem:13.46M (Peak 41.44M) | Time:00:00.16 | Mem:0.05M, Peak:0.05M | Scene, ViewLayer | Updating Geometry BVH Cube.029 21/100 | Building OptiX acceleration structure
Fra:1 Mem:13.46M (Peak 41.44M) | Time:00:00.16 | Mem:0.05M, Peak:0.05M | Scene, ViewLayer | Updating Geometry BVH Cube.030 22/100 | Building OptiX acceleration structure
Fra:1 Mem:13.46M (Peak 41.44M) | Time:00:00.16 | Mem:0.05M, Peak:0.05M | Scene, ViewLayer | Updating Geometry BVH Cylinder 27/100 | Building OptiX acceleration structure
Fra:1 Mem:13.46M (Peak 41.44M) | Time:00:00.16 | Mem:0.05M, Peak:0.05M | Scene, ViewLayer | Updating Geometry BVH Cube.035 28/100 | Building OptiX acceleration structure
Fra:1 Mem:13.47M (Peak 41.44M) | Time:00:00.16 | Mem:0.05M, Peak:0.05M | Scene, ViewLayer | Updating Geometry BVH Cube.120 100/100 | Building BVH
Fra:1 Mem:13.47M (Peak 41.44M) | Time:00:00.16 | Mem:0.05M, Peak:0.05M | Scene, ViewLayer | Updating Geometry BVH Cube.120 100/100 | Building OptiX acceleration structure
Fra:1 Mem:13.47M (Peak 41.44M) | Time:00:00.16 | Mem:0.05M, Peak:0.06M | Scene, ViewLayer | Updating Geometry BVH Cube.037 29/100 | Building BVH
Fra:1 Mem:13.47M (Peak 41.44M) | Time:00:00.16 | Mem:0.05M, Peak:0.06M | Scene, ViewLayer | Updating Geometry BVH Cube.037 29/100 | Building OptiX acceleration structure
Fra:1 Mem:13.47M (Peak 41.44M) | Time:00:00.16 | Mem:0.06M, Peak:0.06M | Scene, ViewLayer | Updating Geometry BVH Cube.039 30/100 | Building BVH
Fra:1 Mem:13.47M (Peak 41.44M) | Time:00:00.16 | Mem:0.06M, Peak:0.06M | Scene, ViewLayer | Updating Geometry BVH Cube.039 30/100 | Building OptiX acceleration structure
Fra:1 Mem:13.47M (Peak 41.44M) | Time:00:00.16 | Mem:0.06M, Peak:0.07M | Scene, ViewLayer | Updating Geometry BVH Cube.041 31/100 | Building BVH
Fra:1 Mem:13.47M (Peak 41.44M) | Time:00:00.16 | Mem:0.06M, Peak:0.07M | Scene, ViewLayer | Updating Geometry BVH Cube.041 31/100 | Building OptiX acceleration structure
Fra:1 Mem:13.47M (Peak 41.44M) | Time:00:00.16 | Mem:0.06M, Peak:0.07M | Scene, ViewLayer | Updating Geometry BVH Cube.043 32/100 | Building BVH
Fra:1 Mem:13.47M (Peak 41.44M) | Time:00:00.16 | Mem:0.06M, Peak:0.07M | Scene, ViewLayer | Updating Geometry BVH Cube.043 32/100 | Building OptiX acceleration structure
Fra:1 Mem:13.47M (Peak 41.44M) | Time:00:00.16 | Mem:0.07M, Peak:0.07M | Scene, ViewLayer | Updating Geometry BVH Cube.045 33/100 | Building BVH
Fra:1 Mem:13.47M (Peak 41.44M) | Time:00:00.16 | Mem:0.07M, Peak:0.07M | Scene, ViewLayer | Updating Geometry BVH Cube.045 33/100 | Building OptiX acceleration structure
Fra:1 Mem:13.47M (Peak 41.44M) | Time:00:00.16 | Mem:0.06M, Peak:0.07M | Scene, ViewLayer | Updating Geometry BVH brazier_light 99/100 | Building BVH
Fra:1 Mem:13.47M (Peak 41.44M) | Time:00:00.16 | Mem:0.06M, Peak:0.07M | Scene, ViewLayer | Updating Geometry BVH brazier_light 99/100 | Building OptiX acceleration structure
Fra:1 Mem:13.47M (Peak 41.44M) | Time:00:00.16 | Mem:0.06M, Peak:0.07M | Scene, ViewLayer | Updating Geometry BVH Cylinder.002 98/100 | Building BVH
Fra:1 Mem:13.47M (Peak 41.44M) | Time:00:00.16 | Mem:0.06M, Peak:0.07M | Scene, ViewLayer | Updating Geometry BVH Cylinder.002 98/100 | Building OptiX acceleration structure
Fra:1 Mem:13.47M (Peak 41.44M) | Time:00:00.16 | Mem:0.07M, Peak:0.07M | Scene, ViewLayer | Updating Geometry BVH Cube.047 34/100 | Building BVH
Fra:1 Mem:13.47M (Peak 41.44M) | Time:00:00.16 | Mem:0.07M, Peak:0.07M | Scene, ViewLayer | Updating Geometry BVH Cube.047 34/100 | Building OptiX acceleration structure
Fra:1 Mem:13.47M (Peak 41.44M) | Time:00:00.16 | Mem:0.07M, Peak:0.07M | Scene, ViewLayer | Updating Geometry BVH Cube.049 35/100 | Building BVH
Fra:1 Mem:13.47M (Peak 41.44M) | Time:00:00.16 | Mem:0.07M, Peak:0.07M | Scene, ViewLayer | Updating Geometry BVH Cube.049 35/100 | Building OptiX acceleration structure
Fra:1 Mem:13.47M (Peak 41.44M) | Time:00:00.16 | Mem:0.07M, Peak:0.07M | Scene, ViewLayer | Updating Geometry BVH Cube.051 36/100 | Building BVH
Fra:1 Mem:13.47M (Peak 41.44M) | Time:00:00.16 | Mem:0.07M, Peak:0.07M | Scene, ViewLayer | Updating Geometry BVH Cube.051 36/100 | Building OptiX acceleration structure
Fra:1 Mem:13.47M (Peak 41.44M) | Time:00:00.16 | Mem:0.07M, Peak:0.08M | Scene, ViewLayer | Updating Geometry BVH Cube.053 37/100 | Building BVH
Fra:1 Mem:13.47M (Peak 41.44M) | Time:00:00.16 | Mem:0.07M, Peak:0.08M | Scene, ViewLayer | Updating Geometry BVH Cube.053 37/100 | Building OptiX acceleration structure
Fra:1 Mem:13.47M (Peak 41.44M) | Time:00:00.16 | Mem:0.07M, Peak:0.08M | Scene, ViewLayer | Updating Geometry BVH Cube.055 38/100 | Building BVH
Fra:1 Mem:13.47M (Peak 41.44M) | Time:00:00.16 | Mem:0.07M, Peak:0.08M | Scene, ViewLayer | Updating Geometry BVH Cube.055 38/100 | Building OptiX acceleration structure
Fra:1 Mem:13.47M (Peak 41.44M) | Time:00:00.16 | Mem:0.08M, Peak:0.08M | Scene, ViewLayer | Updating Geometry BVH Cube.057 39/100 | Building BVH
Fra:1 Mem:13.47M (Peak 41.44M) | Time:00:00.16 | Mem:0.08M, Peak:0.08M | Scene, ViewLayer | Updating Geometry BVH Cube.057 39/100 | Building OptiX acceleration structure
Fra:1 Mem:13.47M (Peak 41.44M) | Time:00:00.16 | Mem:0.07M, Peak:0.08M | Scene, ViewLayer | Updating Geometry BVH Cube.059 40/100 | Building BVH
Fra:1 Mem:13.47M (Peak 41.44M) | Time:00:00.16 | Mem:0.07M, Peak:0.08M | Scene, ViewLayer | Updating Geometry BVH Cube.059 40/100 | Building OptiX acceleration structure
Fra:1 Mem:13.47M (Peak 41.44M) | Time:00:00.16 | Mem:0.07M, Peak:0.08M | Scene, ViewLayer | Updating Geometry BVH Cube.061 41/100 | Building BVH
Fra:1 Mem:13.47M (Peak 41.44M) | Time:00:00.16 | Mem:0.08M, Peak:0.08M | Scene, ViewLayer | Updating Geometry BVH Cube.061 41/100 | Building OptiX acceleration structure
Fra:1 Mem:13.47M (Peak 41.44M) | Time:00:00.16 | Mem:0.08M, Peak:0.08M | Scene, ViewLayer | Updating Geometry BVH Cube.063 42/100 | Building BVH
Fra:1 Mem:13.47M (Peak 41.44M) | Time:00:00.16 | Mem:0.08M, Peak:0.08M | Scene, ViewLayer | Updating Geometry BVH Cube.063 42/100 | Building OptiX acceleration structure
Fra:1 Mem:13.47M (Peak 41.44M) | Time:00:00.16 | Mem:0.08M, Peak:0.08M | Scene, ViewLayer | Updating Geometry BVH Cube.065 43/100 | Building BVH
Fra:1 Mem:13.47M (Peak 41.44M) | Time:00:00.16 | Mem:0.08M, Peak:0.08M | Scene, ViewLayer | Updating Geometry BVH Cube.065 43/100 | Building OptiX acceleration structure
Fra:1 Mem:13.47M (Peak 41.44M) | Time:00:00.16 | Mem:0.08M, Peak:0.08M | Scene, ViewLayer | Updating Geometry BVH Cube.067 44/100 | Building BVH
Fra:1 Mem:13.47M (Peak 41.44M) | Time:00:00.16 | Mem:0.09M, Peak:0.09M | Scene, ViewLayer | Updating Geometry BVH Cube.067 44/100 | Building OptiX acceleration structure
Fra:1 Mem:13.47M (Peak 41.44M) | Time:00:00.16 | Mem:0.08M, Peak:0.09M | Scene, ViewLayer | Updating Geometry BVH Cube.068 45/100 | Building BVH
Fra:1 Mem:13.47M (Peak 41.44M) | Time:00:00.16 | Mem:0.08M, Peak:0.09M | Scene, ViewLayer | Updating Geometry BVH Cube.068 45/100 | Building OptiX acceleration structure
Fra:1 Mem:13.47M (Peak 41.44M) | Time:00:00.17 | Mem:0.08M, Peak:0.09M | Scene, ViewLayer | Updating Geometry BVH Cube.069 46/100 | Building BVH
Fra:1 Mem:13.47M (Peak 41.44M) | Time:00:00.17 | Mem:0.08M, Peak:0.09M | Scene, ViewLayer | Updating Geometry BVH Cube.069 46/100 | Building OptiX acceleration structure
Fra:1 Mem:13.47M (Peak 41.44M) | Time:00:00.17 | Mem:0.08M, Peak:0.09M | Scene, ViewLayer | Updating Geometry BVH Cube.070 47/100 | Building BVH
Fra:1 Mem:13.47M (Peak 41.44M) | Time:00:00.17 | Mem:0.08M, Peak:0.09M | Scene, ViewLayer | Updating Geometry BVH Cube.070 47/100 | Building OptiX acceleration structure
Fra:1 Mem:13.47M (Peak 41.44M) | Time:00:00.17 | Mem:0.08M, Peak:0.09M | Scene, ViewLayer | Updating Geometry BVH Cube.071 48/100 | Building BVH
Fra:1 Mem:13.47M (Peak 41.44M) | Time:00:00.17 | Mem:0.08M, Peak:0.09M | Scene, ViewLayer | Updating Geometry BVH Cube.071 48/100 | Building OptiX acceleration structure
Fra:1 Mem:13.47M (Peak 41.44M) | Time:00:00.17 | Mem:0.08M, Peak:0.10M | Scene, ViewLayer | Updating Geometry BVH Cube.072 49/100 | Building BVH
Fra:1 Mem:13.47M (Peak 41.44M) | Time:00:00.17 | Mem:0.08M, Peak:0.10M | Scene, ViewLayer | Updating Geometry BVH Cube.072 49/100 | Building OptiX acceleration structure
Fra:1 Mem:13.47M (Peak 41.44M) | Time:00:00.17 | Mem:0.09M, Peak:0.10M | Scene, ViewLayer | Updating Geometry BVH Cube.073 50/100 | Building BVH
Fra:1 Mem:13.47M (Peak 41.44M) | Time:00:00.17 | Mem:0.09M, Peak:0.10M | Scene, ViewLayer | Updating Geometry BVH Cube.073 50/100 | Building OptiX acceleration structure
Fra:1 Mem:13.47M (Peak 41.44M) | Time:00:00.17 | Mem:0.09M, Peak:0.10M | Scene, ViewLayer | Updating Geometry BVH Cube.074 51/100 | Building BVH
Fra:1 Mem:13.47M (Peak 41.44M) | Time:00:00.17 | Mem:0.09M, Peak:0.10M | Scene, ViewLayer | Updating Geometry BVH Cube.074 51/100 | Building OptiX acceleration structure
Fra:1 Mem:13.47M (Peak 41.44M) | Time:00:00.17 | Mem:0.09M, Peak:0.10M | Scene, ViewLayer | Updating Geometry BVH Cube.075 52/100 | Building BVH
Fra:1 Mem:13.47M (Peak 41.44M) | Time:00:00.17 | Mem:0.09M, Peak:0.10M | Scene, ViewLayer | Updating Geometry BVH Cube.075 52/100 | Building OptiX acceleration structure
Fra:1 Mem:13.47M (Peak 41.44M) | Time:00:00.17 | Mem:0.09M, Peak:0.10M | Scene, ViewLayer | Updating Geometry BVH Cube.076 53/100 | Building BVH
Fra:1 Mem:13.47M (Peak 41.44M) | Time:00:00.17 | Mem:0.09M, Peak:0.10M | Scene, ViewLayer | Updating Geometry BVH Cube.076 53/100 | Building OptiX acceleration structure
Fra:1 Mem:13.47M (Peak 41.44M) | Time:00:00.17 | Mem:0.09M, Peak:0.10M | Scene, ViewLayer | Updating Geometry BVH Cube.077 54/100 | Building BVH
Fra:1 Mem:13.47M (Peak 41.44M) | Time:00:00.17 | Mem:0.09M, Peak:0.10M | Scene, ViewLayer | Updating Geometry BVH Cube.077 54/100 | Building OptiX acceleration structure
Fra:1 Mem:13.47M (Peak 41.44M) | Time:00:00.17 | Mem:0.09M, Peak:0.10M | Scene, ViewLayer | Updating Geometry BVH Cube.078 55/100 | Building BVH
Fra:1 Mem:13.47M (Peak 41.44M) | Time:00:00.17 | Mem:0.09M, Peak:0.10M | Scene, ViewLayer | Updating Geometry BVH Cube.078 55/100 | Building OptiX acceleration structure
Fra:1 Mem:13.47M (Peak 41.44M) | Time:00:00.17 | Mem:0.09M, Peak:0.10M | Scene, ViewLayer | Updating Geometry BVH Cube.079 56/100 | Building BVH
Fra:1 Mem:13.47M (Peak 41.44M) | Time:00:00.17 | Mem:0.10M, Peak:0.10M | Scene, ViewLayer | Updating Geometry BVH Cube.079 56/100 | Building OptiX acceleration structure
Fra:1 Mem:13.47M (Peak 41.44M) | Time:00:00.17 | Mem:0.09M, Peak:0.10M | Scene, ViewLayer | Updating Geometry BVH Cube.080 57/100 | Building BVH
Fra:1 Mem:13.47M (Peak 41.44M) | Time:00:00.17 | Mem:0.09M, Peak:0.10M | Scene, ViewLayer | Updating Geometry BVH Cube.080 57/100 | Building OptiX acceleration structure
Fra:1 Mem:13.47M (Peak 41.44M) | Time:00:00.17 | Mem:0.09M, Peak:0.10M | Scene, ViewLayer | Updating Geometry BVH Cube.081 58/100 | Building BVH
Fra:1 Mem:13.47M (Peak 41.44M) | Time:00:00.17 | Mem:0.09M, Peak:0.10M | Scene, ViewLayer | Updating Geometry BVH Cube.081 58/100 | Building OptiX acceleration structure
Fra:1 Mem:13.47M (Peak 41.44M) | Time:00:00.17 | Mem:0.10M, Peak:0.10M | Scene, ViewLayer | Updating Geometry BVH Cube.082 59/100 | Building BVH
Fra:1 Mem:13.47M (Peak 41.44M) | Time:00:00.17 | Mem:0.10M, Peak:0.10M | Scene, ViewLayer | Updating Geometry BVH Cube.082 59/100 | Building OptiX acceleration structure
Fra:1 Mem:13.47M (Peak 41.44M) | Time:00:00.17 | Mem:0.10M, Peak:0.10M | Scene, ViewLayer | Updating Geometry BVH Cube.083 60/100 | Building BVH
Fra:1 Mem:13.47M (Peak 41.44M) | Time:00:00.17 | Mem:0.11M, Peak:0.11M | Scene, ViewLayer | Updating Geometry BVH Cube.083 60/100 | Building OptiX acceleration structure
Fra:1 Mem:13.47M (Peak 41.44M) | Time:00:00.17 | Mem:0.10M, Peak:0.11M | Scene, ViewLayer | Updating Geometry BVH Cube.119 97/100 | Building BVH
Fra:1 Mem:13.47M (Peak 41.44M) | Time:00:00.17 | Mem:0.10M, Peak:0.11M | Scene, ViewLayer | Updating Geometry BVH Cube.119 97/100 | Building OptiX acceleration structure
Fra:1 Mem:13.47M (Peak 41.44M) | Time:00:00.17 | Mem:0.10M, Peak:0.11M | Scene, ViewLayer | Updating Geometry BVH Cube.084 61/100 | Building BVH
Fra:1 Mem:13.47M (Peak 41.44M) | Time:00:00.17 | Mem:0.10M, Peak:0.11M | Scene, ViewLayer | Updating Geometry BVH Cube.084 61/100 | Building OptiX acceleration structure
Fra:1 Mem:13.47M (Peak 41.44M) | Time:00:00.17 | Mem:0.10M, Peak:0.11M | Scene, ViewLayer | Updating Geometry BVH Cube.085 62/100 | Building BVH
Fra:1 Mem:13.47M (Peak 41.44M) | Time:00:00.17 | Mem:0.10M, Peak:0.11M | Scene, ViewLayer | Updating Geometry BVH Cube.085 62/100 | Building OptiX acceleration structure
Fra:1 Mem:13.47M (Peak 41.44M) | Time:00:00.17 | Mem:0.10M, Peak:0.11M | Scene, ViewLayer | Updating Geometry BVH Cylinder.001 63/100 | Building BVH
Fra:1 Mem:13.47M (Peak 41.44M) | Time:00:00.17 | Mem:0.10M, Peak:0.11M | Scene, ViewLayer | Updating Geometry BVH Cylinder.001 63/100 | Building OptiX acceleration structure
Fra:1 Mem:13.47M (Peak 41.44M) | Time:00:00.17 | Mem:0.11M, Peak:0.11M | Scene, ViewLayer | Updating Geometry BVH Cube.086 64/100 | Building BVH
Fra:1 Mem:13.47M (Peak 41.44M) | Time:00:00.17 | Mem:0.11M, Peak:0.11M | Scene, ViewLayer | Updating Geometry BVH Cube.086 64/100 | Building OptiX acceleration structure
Fra:1 Mem:13.47M (Peak 41.44M) | Time:00:00.17 | Mem:0.11M, Peak:0.11M | Scene, ViewLayer | Updating Geometry BVH Cube.087 65/100 | Building BVH
Fra:1 Mem:13.47M (Peak 41.44M) | Time:00:00.17 | Mem:0.11M, Peak:0.11M | Scene, ViewLayer | Updating Geometry BVH Cube.087 65/100 | Building OptiX acceleration structure
Fra:1 Mem:13.47M (Peak 41.44M) | Time:00:00.17 | Mem:0.11M, Peak:0.11M | Scene, ViewLayer | Updating Geometry BVH Cube.088 66/100 | Building BVH
Fra:1 Mem:13.47M (Peak 41.44M) | Time:00:00.17 | Mem:0.11M, Peak:0.11M | Scene, ViewLayer | Updating Geometry BVH Cube.088 66/100 | Building OptiX acceleration structure
Fra:1 Mem:13.47M (Peak 41.44M) | Time:00:00.17 | Mem:0.11M, Peak:0.11M | Scene, ViewLayer | Updating Geometry BVH Cube.089 67/100 | Building BVH
Fra:1 Mem:13.47M (Peak 41.44M) | Time:00:00.17 | Mem:0.11M, Peak:0.11M | Scene, ViewLayer | Updating Geometry BVH Cube.089 67/100 | Building OptiX acceleration structure
Fra:1 Mem:13.47M (Peak 41.44M) | Time:00:00.17 | Mem:0.11M, Peak:0.12M | Scene, ViewLayer | Updating Geometry BVH Cube.090 68/100 | Building BVH
Fra:1 Mem:13.47M (Peak 41.44M) | Time:00:00.17 | Mem:0.11M, Peak:0.12M | Scene, ViewLayer | Updating Geometry BVH Cube.090 68/100 | Building OptiX acceleration structure
Fra:1 Mem:13.47M (Peak 41.44M) | Time:00:00.17 | Mem:0.11M, Peak:0.12M | Scene, ViewLayer | Updating Geometry BVH Cube.091 69/100 | Building BVH
Fra:1 Mem:13.47M (Peak 41.44M) | Time:00:00.17 | Mem:0.11M, Peak:0.12M | Scene, ViewLayer | Updating Geometry BVH Cube.091 69/100 | Building OptiX acceleration structure
Fra:1 Mem:13.47M (Peak 41.44M) | Time:00:00.17 | Mem:0.11M, Peak:0.12M | Scene, ViewLayer | Updating Geometry BVH Cube.092 70/100 | Building BVH
Fra:1 Mem:13.47M (Peak 41.44M) | Time:00:00.17 | Mem:0.11M, Peak:0.12M | Scene, ViewLayer | Updating Geometry BVH Cube.092 70/100 | Building OptiX acceleration structure
Fra:1 Mem:13.47M (Peak 41.44M) | Time:00:00.17 | Mem:0.11M, Peak:0.12M | Scene, ViewLayer | Updating Geometry BVH Cube.093 71/100 | Building BVH
Fra:1 Mem:13.47M (Peak 41.44M) | Time:00:00.17 | Mem:0.12M, Peak:0.12M | Scene, ViewLayer | Updating Geometry BVH Cube.093 71/100 | Building OptiX acceleration structure
Fra:1 Mem:13.47M (Peak 41.44M) | Time:00:00.17 | Mem:0.11M, Peak:0.12M | Scene, ViewLayer | Updating Geometry BVH Cube.094 72/100 | Building BVH
Fra:1 Mem:13.47M (Peak 41.44M) | Time:00:00.17 | Mem:0.11M, Peak:0.12M | Scene, ViewLayer | Updating Geometry BVH Cube.094 72/100 | Building OptiX acceleration structure
Fra:1 Mem:13.47M (Peak 41.44M) | Time:00:00.17 | Mem:0.12M, Peak:0.12M | Scene, ViewLayer | Updating Geometry BVH Cube.095 73/100 | Building BVH
Fra:1 Mem:13.47M (Peak 41.44M) | Time:00:00.17 | Mem:0.12M, Peak:0.12M | Scene, ViewLayer | Updating Geometry BVH Cube.095 73/100 | Building OptiX acceleration structure
Fra:1 Mem:13.47M (Peak 41.44M) | Time:00:00.17 | Mem:0.12M, Peak:0.12M | Scene, ViewLayer | Updating Geometry BVH Cube.096 74/100 | Building BVH
Fra:1 Mem:13.47M (Peak 41.44M) | Time:00:00.17 | Mem:0.12M, Peak:0.12M | Scene, ViewLayer | Updating Geometry BVH Cube.096 74/100 | Building OptiX acceleration structure
Fra:1 Mem:13.47M (Peak 41.44M) | Time:00:00.17 | Mem:0.12M, Peak:0.12M | Scene, ViewLayer | Updating Geometry BVH Cube.097 75/100 | Building BVH
Fra:1 Mem:13.47M (Peak 41.44M) | Time:00:00.17 | Mem:0.12M, Peak:0.12M | Scene, ViewLayer | Updating Geometry BVH Cube.097 75/100 | Building OptiX acceleration structure
Fra:1 Mem:13.47M (Peak 41.44M) | Time:00:00.17 | Mem:0.13M, Peak:0.13M | Scene, ViewLayer | Updating Geometry BVH Cube.098 76/100 | Building BVH
Fra:1 Mem:13.47M (Peak 41.44M) | Time:00:00.17 | Mem:0.13M, Peak:0.13M | Scene, ViewLayer | Updating Geometry BVH Cube.098 76/100 | Building OptiX acceleration structure
Fra:1 Mem:13.47M (Peak 41.44M) | Time:00:00.17 | Mem:0.12M, Peak:0.13M | Scene, ViewLayer | Updating Geometry BVH Cube.099 77/100 | Building BVH
Fra:1 Mem:13.47M (Peak 41.44M) | Time:00:00.17 | Mem:0.12M, Peak:0.13M | Scene, ViewLayer | Updating Geometry BVH Cube.099 77/100 | Building OptiX acceleration structure
Fra:1 Mem:13.47M (Peak 41.44M) | Time:00:00.17 | Mem:0.12M, Peak:0.13M | Scene, ViewLayer | Updating Geometry BVH Cube.100 78/100 | Building BVH
Fra:1 Mem:13.47M (Peak 41.44M) | Time:00:00.17 | Mem:0.12M, Peak:0.13M | Scene, ViewLayer | Updating Geometry BVH Cube.100 78/100 | Building OptiX acceleration structure
Fra:1 Mem:13.47M (Peak 41.44M) | Time:00:00.17 | Mem:0.12M, Peak:0.13M | Scene, ViewLayer | Updating Geometry BVH Cube.101 79/100 | Building BVH
Fra:1 Mem:13.47M (Peak 41.44M) | Time:00:00.17 | Mem:0.13M, Peak:0.13M | Scene, ViewLayer | Updating Geometry BVH Cube.101 79/100 | Building OptiX acceleration structure
Fra:1 Mem:13.47M (Peak 41.44M) | Time:00:00.17 | Mem:0.12M, Peak:0.13M | Scene, ViewLayer | Updating Geometry BVH Cube.102 80/100 | Building BVH
Fra:1 Mem:13.47M (Peak 41.44M) | Time:00:00.17 | Mem:0.12M, Peak:0.13M | Scene, ViewLayer | Updating Geometry BVH Cube.102 80/100 | Building OptiX acceleration structure
Fra:1 Mem:13.47M (Peak 41.44M) | Time:00:00.17 | Mem:0.13M, Peak:0.13M | Scene, ViewLayer | Updating Geometry BVH Cube.103 81/100 | Building BVH
Fra:1 Mem:13.47M (Peak 41.44M) | Time:00:00.17 | Mem:0.13M, Peak:0.13M | Scene, ViewLayer | Updating Geometry BVH Cube.103 81/100 | Building OptiX acceleration structure
Fra:1 Mem:13.47M (Peak 41.44M) | Time:00:00.17 | Mem:0.13M, Peak:0.13M | Scene, ViewLayer | Updating Geometry BVH Cube.104 82/100 | Building BVH
Fra:1 Mem:13.47M (Peak 41.44M) | Time:00:00.17 | Mem:0.13M, Peak:0.13M | Scene, ViewLayer | Updating Geometry BVH Cube.104 82/100 | Building OptiX acceleration structure
Fra:1 Mem:13.47M (Peak 41.44M) | Time:00:00.17 | Mem:0.13M, Peak:0.13M | Scene, ViewLayer | Updating Geometry BVH Cube.105 83/100 | Building BVH
Fra:1 Mem:13.47M (Peak 41.44M) | Time:00:00.17 | Mem:0.13M, Peak:0.13M | Scene, ViewLayer | Updating Geometry BVH Cube.105 83/100 | Building OptiX acceleration structure
Fra:1 Mem:13.47M (Peak 41.44M) | Time:00:00.17 | Mem:0.13M, Peak:0.14M | Scene, ViewLayer | Updating Geometry BVH Cube.106 84/100 | Building BVH
Fra:1 Mem:13.47M (Peak 41.44M) | Time:00:00.17 | Mem:0.13M, Peak:0.14M | Scene, ViewLayer | Updating Geometry BVH Cube.106 84/100 | Building OptiX acceleration structure
Fra:1 Mem:13.47M (Peak 41.44M) | Time:00:00.17 | Mem:0.13M, Peak:0.14M | Scene, ViewLayer | Updating Geometry BVH Cube.107 85/100 | Building BVH
Fra:1 Mem:13.47M (Peak 41.44M) | Time:00:00.17 | Mem:0.13M, Peak:0.14M | Scene, ViewLayer | Updating Geometry BVH Cube.107 85/100 | Building OptiX acceleration structure
Fra:1 Mem:13.47M (Peak 41.44M) | Time:00:00.17 | Mem:0.13M, Peak:0.14M | Scene, ViewLayer | Updating Geometry BVH Cube.108 86/100 | Building BVH
Fra:1 Mem:13.47M (Peak 41.44M) | Time:00:00.17 | Mem:0.13M, Peak:0.14M | Scene, ViewLayer | Updating Geometry BVH Cube.108 86/100 | Building OptiX acceleration structure
Fra:1 Mem:13.47M (Peak 41.44M) | Time:00:00.17 | Mem:0.14M, Peak:0.14M | Scene, ViewLayer | Updating Geometry BVH Cube.109 87/100 | Building BVH
Fra:1 Mem:13.47M (Peak 41.44M) | Time:00:00.17 | Mem:0.14M, Peak:0.14M | Scene, ViewLayer | Updating Geometry BVH Cube.109 87/100 | Building OptiX acceleration structure
Fra:1 Mem:13.47M (Peak 41.44M) | Time:00:00.17 | Mem:0.13M, Peak:0.14M | Scene, ViewLayer | Updating Geometry BVH Cube.118 96/100 | Building BVH
Fra:1 Mem:13.47M (Peak 41.44M) | Time:00:00.17 | Mem:0.13M, Peak:0.14M | Scene, ViewLayer | Updating Geometry BVH Cube.118 96/100 | Building OptiX acceleration structure
Fra:1 Mem:13.47M (Peak 41.44M) | Time:00:00.18 | Mem:0.14M, Peak:0.14M | Scene, ViewLayer | Updating Geometry BVH Cube.110 88/100 | Building BVH
Fra:1 Mem:13.47M (Peak 41.44M) | Time:00:00.18 | Mem:0.14M, Peak:0.14M | Scene, ViewLayer | Updating Geometry BVH Cube.110 88/100 | Building OptiX acceleration structure
Fra:1 Mem:13.47M (Peak 41.44M) | Time:00:00.18 | Mem:0.14M, Peak:0.14M | Scene, ViewLayer | Updating Geometry BVH Cube.111 89/100 | Building BVH
Fra:1 Mem:13.47M (Peak 41.44M) | Time:00:00.18 | Mem:0.14M, Peak:0.14M | Scene, ViewLayer | Updating Geometry BVH Cube.111 89/100 | Building OptiX acceleration structure
Fra:1 Mem:13.47M (Peak 41.44M) | Time:00:00.18 | Mem:0.14M, Peak:0.15M | Scene, ViewLayer | Updating Geometry BVH Cube.112 90/100 | Building BVH
Fra:1 Mem:13.47M (Peak 41.44M) | Time:00:00.18 | Mem:0.14M, Peak:0.15M | Scene, ViewLayer | Updating Geometry BVH Cube.112 90/100 | Building OptiX acceleration structure
Fra:1 Mem:13.47M (Peak 41.44M) | Time:00:00.18 | Mem:0.14M, Peak:0.15M | Scene, ViewLayer | Updating Geometry BVH Cube.113 91/100 | Building BVH
Fra:1 Mem:13.47M (Peak 41.44M) | Time:00:00.18 | Mem:0.14M, Peak:0.15M | Scene, ViewLayer | Updating Geometry BVH Cube.113 91/100 | Building OptiX acceleration structure
Fra:1 Mem:13.47M (Peak 41.44M) | Time:00:00.18 | Mem:0.14M, Peak:0.15M | Scene, ViewLayer | Updating Geometry BVH Cube.114 92/100 | Building BVH
Fra:1 Mem:13.47M (Peak 41.44M) | Time:00:00.18 | Mem:0.14M, Peak:0.15M | Scene, ViewLayer | Updating Geometry BVH Cube.114 92/100 | Building OptiX acceleration structure
Fra:1 Mem:13.47M (Peak 41.44M) | Time:00:00.18 | Mem:0.14M, Peak:0.15M | Scene, ViewLayer | Updating Geometry BVH Cube.115 93/100 | Building BVH
Fra:1 Mem:13.47M (Peak 41.44M) | Time:00:00.18 | Mem:0.14M, Peak:0.15M | Scene, ViewLayer | Updating Geometry BVH Cube.115 93/100 | Building OptiX acceleration structure
Fra:1 Mem:13.47M (Peak 41.44M) | Time:00:00.18 | Mem:0.14M, Peak:0.15M | Scene, ViewLayer | Updating Geometry BVH Cube.116 94/100 | Building BVH
Fra:1 Mem:13.47M (Peak 41.44M) | Time:00:00.18 | Mem:0.14M, Peak:0.15M | Scene, ViewLayer | Updating Geometry BVH Cube.116 94/100 | Building OptiX acceleration structure
Fra:1 Mem:13.47M (Peak 41.44M) | Time:00:00.18 | Mem:0.14M, Peak:0.15M | Scene, ViewLayer | Updating Geometry BVH Cube.117 95/100 | Building BVH
Fra:1 Mem:13.47M (Peak 41.44M) | Time:00:00.18 | Mem:0.15M, Peak:0.15M | Scene, ViewLayer | Updating Geometry BVH Cube.117 95/100 | Building OptiX acceleration structure
Fra:1 Mem:13.46M (Peak 41.44M) | Time:00:00.18 | Mem:0.17M, Peak:0.18M | Scene, ViewLayer | Updating Scene BVH | Building
Fra:1 Mem:13.46M (Peak 41.44M) | Time:00:00.18 | Mem:0.17M, Peak:0.18M | Scene, ViewLayer | Updating Scene BVH | Building OptiX acceleration structure
Fra:1 Mem:13.46M (Peak 41.44M) | Time:00:00.18 | Mem:0.19M, Peak:0.22M | Scene, ViewLayer | Updating Scene BVH | Copying BVH to device
Fra:1 Mem:13.46M (Peak 41.44M) | Time:00:00.18 | Mem:0.19M, Peak:0.22M | Scene, ViewLayer | Updating Mesh | Computing normals
Fra:1 Mem:13.51M (Peak 41.44M) | Time:00:00.18 | Mem:0.19M, Peak:0.22M | Scene, ViewLayer | Updating Mesh | Copying Mesh to device
Fra:1 Mem:13.51M (Peak 41.44M) | Time:00:00.18 | Mem:0.23M, Peak:0.23M | Scene, ViewLayer | Updating Objects Flags
Fra:1 Mem:13.51M (Peak 41.44M) | Time:00:00.18 | Mem:0.23M, Peak:0.23M | Scene, ViewLayer | Updating Primitive Offsets
Fra:1 Mem:13.51M (Peak 41.44M) | Time:00:00.18 | Mem:0.23M, Peak:0.23M | Scene, ViewLayer | Updating Images
Fra:1 Mem:13.51M (Peak 41.44M) | Time:00:00.18 | Mem:0.23M, Peak:0.23M | Scene, ViewLayer | Updating Camera Volume
Fra:1 Mem:13.51M (Peak 41.44M) | Time:00:00.18 | Mem:0.23M, Peak:0.23M | Scene, ViewLayer | Updating Lookup Tables
Fra:1 Mem:13.51M (Peak 41.44M) | Time:00:00.18 | Mem:0.31M, Peak:0.31M | Scene, ViewLayer | Updating Lights
Fra:1 Mem:13.51M (Peak 41.44M) | Time:00:00.18 | Mem:0.31M, Peak:0.31M | Scene, ViewLayer | Updating Lights | Computing tree
Fra:1 Mem:13.51M (Peak 41.44M) | Time:00:00.18 | Mem:0.31M, Peak:0.31M | Scene, ViewLayer | Updating Integrator
Fra:1 Mem:13.51M (Peak 41.44M) | Time:00:00.18 | Mem:0.31M, Peak:0.31M | Scene, ViewLayer | Updating Film
Fra:1 Mem:13.51M (Peak 41.44M) | Time:00:00.18 | Mem:0.23M, Peak:0.31M | Scene, ViewLayer | Updating Lookup Tables
Fra:1 Mem:13.51M (Peak 41.44M) | Time:00:00.18 | Mem:0.32M, Peak:0.32M | Scene, ViewLayer | Updating Baking
Fra:1 Mem:13.51M (Peak 41.44M) | Time:00:00.18 | Mem:0.32M, Peak:0.32M | Scene, ViewLayer | Updating Device | Writing constant memory
Fra:1 Mem:13.52M (Peak 41.44M) | Time:00:00.18 | Mem:0.32M, Peak:0.32M | Scene, ViewLayer | Loading denoising kernels (may take a few minutes the first time)
Fra:1 Mem:29.46M (Peak 41.44M) | Time:00:00.18 | Mem:1402.82M, Peak:1402.82M | Scene, ViewLayer | Sample 0/128
Fra:1 Mem:179.75M (Peak 179.75M) | Time:00:00.19 | Remaining:00:01.05 | Mem:1553.11M, Peak:1553.11M | Scene, ViewLayer | Sample 1/128
Fra:1 Mem:179.76M (Peak 179.76M) | Time:00:00.62 | Remaining:00:00.26 | Mem:1553.12M, Peak:1553.12M | Scene, ViewLayer | Sample 80/128
Fra:1 Mem:179.76M (Peak 179.76M) | Time:00:00.65 | Remaining:00:00.15 | Mem:1553.12M, Peak:1553.12M | Scene, ViewLayer | Sample 96/128
Fra:1 Mem:179.76M (Peak 179.76M) | Time:00:00.68 | Remaining:00:00.07 | Mem:1553.12M, Peak:1553.12M | Scene, ViewLayer | Sample 112/128
Fra:1 Mem:243.04M (Peak 337.97M) | Time:00:03.22 | Mem:1553.12M, Peak:1553.12M | Scene, ViewLayer | Sample 128/128
Fra:1 Mem:243.04M (Peak 337.97M) | Time:00:03.22 | Mem:1553.12M, Peak:1553.12M | Scene, ViewLayer | Finished
Saved: '/tmp/m0/crypt.png'
Time: 00:03.44 (Saving: 00:00.15)

================================================================
edi_realize — M0 crypt realizer
blender version: 4.5.9 LTS
scale S = 1  (corridor_w=5 door_w=4 wall_h=12 tile=5 ft)
map: 'crypt'  units=feet
rooms=2 connections=1 blocks=3
pieces=124 lights=1
piece-type counts:
  brazier            2
  ceiling_slab       25
  column             2
  corridor_l         1
  corridor_straight  30
  doorway_frame      2
  end_cap            2
  floor_tile         25
  sarcophagus        1
  stair              1
  wall_corner        8
  wall_panel         25
structural piece types present: 10/10  -> ['floor_tile', 'wall_panel', 'wall_corner', 'doorway_frame', 'end_cap', 'corridor_straight', 'corridor_l', 'ceiling_slab', 'column', 'stair']
================================================================
render engine: CYCLES   compute_device_type: OPTIX   cycles.device: GPU
samples: 128   resolution: 1920x1080
cycles devices:
  [ ] CUDA   NVIDIA GeForce RTX 5090
  [ ] CPU    Intel Core i7-14700KF
  [X] OPTIX  NVIDIA GeForce RTX 5090
GPU CONFIRMED: rendering on OPTIX device(s): ['NVIDIA GeForce RTX 5090']
render complete: /tmp/m0/crypt.png   wall-time: 3.5s
GATE timing: PASS (<120s)  actual 3.5s
================================================================
