Blender 4.5.9 LTS (hash 8bf95cbd38d1 built 2026-04-21 01:31:15)
Fra:1 Mem:18.26M (Peak 18.26M) | Time:00:00.10 | Mem:0.00M, Peak:0.00M | Scene, ViewLayer | Synchronizing object | floor_tile_star6.floor_tile
Fra:1 Mem:18.27M (Peak 18.27M) | Time:00:00.10 | Mem:0.00M, Peak:0.00M | Scene, ViewLayer | Synchronizing object | floor_tile_star6.floor_tile.004
Fra:1 Mem:18.27M (Peak 18.27M) | Time:00:00.10 | Mem:0.00M, Peak:0.00M | Scene, ViewLayer | Synchronizing object | floor_tile_star6.floor_tile.005
Fra:1 Mem:18.27M (Peak 18.27M) | Time:00:00.10 | Mem:0.00M, Peak:0.00M | Scene, ViewLayer | Synchronizing object | floor_tile_star6.floor_tile.007
Fra:1 Mem:18.27M (Peak 18.27M) | Time:00:00.10 | Mem:0.00M, Peak:0.00M | Scene, ViewLayer | Synchronizing object | floor_tile_star6.floor_tile.009
Fra:1 Mem:18.27M (Peak 18.27M) | Time:00:00.10 | Mem:0.00M, Peak:0.00M | Scene, ViewLayer | Synchronizing object | floor_tile_star6.floor_tile.010
Fra:1 Mem:18.27M (Peak 18.27M) | Time:00:00.10 | Mem:0.00M, Peak:0.00M | Scene, ViewLayer | Synchronizing object | floor_tile_star6.floor_tile.012
Fra:1 Mem:18.27M (Peak 18.27M) | Time:00:00.10 | Mem:0.00M, Peak:0.00M | Scene, ViewLayer | Synchronizing object | floor_tile_star6.floor_tile.013
Fra:1 Mem:18.28M (Peak 18.28M) | Time:00:00.10 | Mem:0.00M, Peak:0.00M | Scene, ViewLayer | Synchronizing object | floor_tile_star6.floor_tile.014
Fra:1 Mem:18.28M (Peak 18.28M) | Time:00:00.10 | Mem:0.00M, Peak:0.00M | Scene, ViewLayer | Synchronizing object | floor_tile_star6.floor_tile.015
Fra:1 Mem:18.28M (Peak 18.28M) | Time:00:00.10 | Mem:0.00M, Peak:0.00M | Scene, ViewLayer | Synchronizing object | floor_tile_star6.floor_tile.018
Fra:1 Mem:18.28M (Peak 18.28M) | Time:00:00.10 | Mem:0.00M, Peak:0.00M | Scene, ViewLayer | Synchronizing object | floor_tile_star6.floor_tile.019
Fra:1 Mem:18.28M (Peak 18.28M) | Time:00:00.10 | Mem:0.00M, Peak:0.00M | Scene, ViewLayer | Synchronizing object | floor_tile_star6.floor_tile.021
Fra:1 Mem:18.28M (Peak 18.28M) | Time:00:00.10 | Mem:0.00M, Peak:0.00M | Scene, ViewLayer | Synchronizing object | floor_tile_star6.floor_tile.022
Fra:1 Mem:18.29M (Peak 18.29M) | Time:00:00.10 | Mem:0.00M, Peak:0.00M | Scene, ViewLayer | Synchronizing object | floor_tile_star6.floor_tile.023
Fra:1 Mem:18.29M (Peak 18.29M) | Time:00:00.10 | Mem:0.00M, Peak:0.00M | Scene, ViewLayer | Synchronizing object | floor_tile_star6.floor_tile.025
Fra:1 Mem:18.29M (Peak 18.29M) | Time:00:00.10 | Mem:0.00M, Peak:0.00M | Scene, ViewLayer | Synchronizing object | floor_tile_star6.floor_tile.028
Fra:1 Mem:18.29M (Peak 18.29M) | Time:00:00.10 | Mem:0.00M, Peak:0.00M | Scene, ViewLayer | Synchronizing object | floor_tile_star6.floor_tile.029
Fra:1 Mem:18.29M (Peak 18.29M) | Time:00:00.10 | Mem:0.00M, Peak:0.00M | Scene, ViewLayer | Synchronizing object | floor_tile_star6.floor_tile.030
Fra:1 Mem:18.30M (Peak 18.30M) | Time:00:00.10 | Mem:0.00M, Peak:0.00M | Scene, ViewLayer | Synchronizing object | floor_tile_star6.floor_tile.031
Fra:1 Mem:18.30M (Peak 18.30M) | Time:00:00.10 | Mem:0.00M, Peak:0.00M | Scene, ViewLayer | Synchronizing object | floor_tile_star6.floor_tile.032
Fra:1 Mem:18.30M (Peak 18.30M) | Time:00:00.10 | Mem:0.00M, Peak:0.00M | Scene, ViewLayer | Synchronizing object | floor_tile_star6.floor_tile.034
Fra:1 Mem:18.30M (Peak 18.30M) | Time:00:00.10 | Mem:0.00M, Peak:0.00M | Scene, ViewLayer | Synchronizing object | floor_tile_star6.floor_tile.036
Fra:1 Mem:18.30M (Peak 18.30M) | Time:00:00.10 | Mem:0.00M, Peak:0.00M | Scene, ViewLayer | Synchronizing object | floor_tile_star6.floor_tile.038
Fra:1 Mem:18.30M (Peak 18.30M) | Time:00:00.10 | Mem:0.00M, Peak:0.00M | Scene, ViewLayer | Synchronizing object | floor_tile_star6.floor_tile.039
Fra:1 Mem:18.31M (Peak 18.31M) | Time:00:00.10 | Mem:0.00M, Peak:0.00M | Scene, ViewLayer | Synchronizing object | floor_tile_star6.floor_tile.040
Fra:1 Mem:18.31M (Peak 18.31M) | Time:00:00.10 | Mem:0.00M, Peak:0.00M | Scene, ViewLayer | Synchronizing object | floor_tile_star6.floor_tile.041
Fra:1 Mem:18.31M (Peak 18.31M) | Time:00:00.10 | Mem:0.00M, Peak:0.00M | Scene, ViewLayer | Synchronizing object | floor_tile_star6.floor_tile.043
Fra:1 Mem:18.31M (Peak 18.31M) | Time:00:00.10 | Mem:0.00M, Peak:0.00M | Scene, ViewLayer | Synchronizing object | floor_tile_star6.floor_tile.044
Fra:1 Mem:18.31M (Peak 18.31M) | Time:00:00.10 | Mem:0.00M, Peak:0.00M | Scene, ViewLayer | Synchronizing object | floor_tile_star6.floor_tile.045
Fra:1 Mem:18.31M (Peak 18.31M) | Time:00:00.10 | Mem:0.00M, Peak:0.00M | Scene, ViewLayer | Synchronizing object | floor_tile_star6.floor_tile.046
Fra:1 Mem:18.32M (Peak 18.32M) | Time:00:00.10 | Mem:0.00M, Peak:0.00M | Scene, ViewLayer | Synchronizing object | floor_tile_star6.floor_tile.048
Fra:1 Mem:18.32M (Peak 18.32M) | Time:00:00.10 | Mem:0.00M, Peak:0.00M | Scene, ViewLayer | Synchronizing object | floor_tile_star6.floor_tile.049
Fra:1 Mem:18.32M (Peak 18.32M) | Time:00:00.10 | Mem:0.00M, Peak:0.00M | Scene, ViewLayer | Synchronizing object | floor_tile_star6.floor_tile.050
Fra:1 Mem:18.32M (Peak 18.32M) | Time:00:00.10 | Mem:0.00M, Peak:0.00M | Scene, ViewLayer | Synchronizing object | floor_tile_star6.floor_tile.052
Fra:1 Mem:18.32M (Peak 18.32M) | Time:00:00.10 | Mem:0.00M, Peak:0.00M | Scene, ViewLayer | Synchronizing object | floor_tile_star6.floor_tile.053
Fra:1 Mem:18.33M (Peak 18.33M) | Time:00:00.10 | Mem:0.00M, Peak:0.00M | Scene, ViewLayer | Synchronizing object | floor_tile_star6.floor_tile.054
Fra:1 Mem:18.33M (Peak 18.33M) | Time:00:00.10 | Mem:0.00M, Peak:0.00M | Scene, ViewLayer | Synchronizing object | floor_tile_star6.floor_tile.056
Fra:1 Mem:18.33M (Peak 18.33M) | Time:00:00.10 | Mem:0.00M, Peak:0.00M | Scene, ViewLayer | Synchronizing object | floor_tile_star6.floor_tile.058
Fra:1 Mem:18.33M (Peak 18.33M) | Time:00:00.10 | Mem:0.00M, Peak:0.00M | Scene, ViewLayer | Synchronizing object | floor_tile_star6.floor_tile.059
Fra:1 Mem:18.33M (Peak 18.33M) | Time:00:00.10 | Mem:0.00M, Peak:0.00M | Scene, ViewLayer | Synchronizing object | floor_tile_star6.floor_tile.061
Fra:1 Mem:18.34M (Peak 18.34M) | Time:00:00.10 | Mem:0.00M, Peak:0.00M | Scene, ViewLayer | Synchronizing object | floor_tile_star6.floor_tile.062
Fra:1 Mem:18.34M (Peak 18.34M) | Time:00:00.10 | Mem:0.00M, Peak:0.00M | Scene, ViewLayer | Synchronizing object | floor_tile_star6.floor_tile.063
Fra:1 Mem:18.34M (Peak 18.34M) | Time:00:00.10 | Mem:0.00M, Peak:0.00M | Scene, ViewLayer | Synchronizing object | wall_panel_star6.wall_panel
Fra:1 Mem:18.34M (Peak 18.34M) | Time:00:00.10 | Mem:0.00M, Peak:0.00M | Scene, ViewLayer | Synchronizing object | wall_panel_star6.wall_panel.002
Fra:1 Mem:18.34M (Peak 18.34M) | Time:00:00.10 | Mem:0.00M, Peak:0.00M | Scene, ViewLayer | Synchronizing object | wall_panel_star6.wall_panel.003
Fra:1 Mem:18.35M (Peak 18.35M) | Time:00:00.10 | Mem:0.00M, Peak:0.00M | Scene, ViewLayer | Synchronizing object | wall_panel_star6.wall_panel.004
Fra:1 Mem:18.35M (Peak 18.35M) | Time:00:00.10 | Mem:0.00M, Peak:0.00M | Scene, ViewLayer | Synchronizing object | wall_panel_star6.wall_panel.006
Fra:1 Mem:18.35M (Peak 18.35M) | Time:00:00.10 | Mem:0.00M, Peak:0.00M | Scene, ViewLayer | Synchronizing object | wall_panel_star6.wall_panel.007
Fra:1 Mem:18.35M (Peak 18.35M) | Time:00:00.10 | Mem:0.00M, Peak:0.00M | Scene, ViewLayer | Synchronizing object | wall_panel_star6.wall_panel.008
Fra:1 Mem:18.35M (Peak 18.35M) | Time:00:00.10 | Mem:0.00M, Peak:0.00M | Scene, ViewLayer | Synchronizing object | wall_panel_star6.wall_panel.009
Fra:1 Mem:18.35M (Peak 18.35M) | Time:00:00.10 | Mem:0.00M, Peak:0.00M | Scene, ViewLayer | Synchronizing object | wall_panel_star6.wall_panel.010
Fra:1 Mem:18.35M (Peak 18.35M) | Time:00:00.10 | Mem:0.00M, Peak:0.00M | Scene, ViewLayer | Synchronizing object | wall_panel_star6.wall_panel.011
Fra:1 Mem:18.36M (Peak 18.36M) | Time:00:00.10 | Mem:0.00M, Peak:0.00M | Scene, ViewLayer | Synchronizing object | wall_panel_star6.wall_panel.012
Fra:1 Mem:18.36M (Peak 18.36M) | Time:00:00.10 | Mem:0.00M, Peak:0.00M | Scene, ViewLayer | Synchronizing object | wall_panel_star6.wall_panel.014
Fra:1 Mem:18.36M (Peak 18.36M) | Time:00:00.10 | Mem:0.00M, Peak:0.00M | Scene, ViewLayer | Synchronizing object | wall_panel_star6.wall_panel.015
Fra:1 Mem:18.36M (Peak 18.36M) | Time:00:00.10 | Mem:0.00M, Peak:0.00M | Scene, ViewLayer | Synchronizing object | wall_panel_star6.wall_panel.016
Fra:1 Mem:18.36M (Peak 18.36M) | Time:00:00.10 | Mem:0.00M, Peak:0.00M | Scene, ViewLayer | Synchronizing object | wall_panel_star6.wall_panel.017
Fra:1 Mem:18.36M (Peak 18.36M) | Time:00:00.10 | Mem:0.00M, Peak:0.00M | Scene, ViewLayer | Synchronizing object | wall_panel_star6.wall_panel.018
Fra:1 Mem:18.37M (Peak 18.37M) | Time:00:00.10 | Mem:0.00M, Peak:0.00M | Scene, ViewLayer | Synchronizing object | wall_panel_star6.wall_panel.019
Fra:1 Mem:18.37M (Peak 18.37M) | Time:00:00.10 | Mem:0.00M, Peak:0.00M | Scene, ViewLayer | Synchronizing object | wall_panel_star6.wall_panel.020
Fra:1 Mem:18.37M (Peak 18.37M) | Time:00:00.10 | Mem:0.00M, Peak:0.00M | Scene, ViewLayer | Synchronizing object | wall_panel_star6.wall_panel.021
Fra:1 Mem:18.37M (Peak 18.37M) | Time:00:00.10 | Mem:0.00M, Peak:0.00M | Scene, ViewLayer | Synchronizing object | wall_panel_star6.wall_panel.022
Fra:1 Mem:18.37M (Peak 18.37M) | Time:00:00.10 | Mem:0.00M, Peak:0.00M | Scene, ViewLayer | Synchronizing object | wall_panel_star6.wall_panel.023
Fra:1 Mem:18.37M (Peak 18.37M) | Time:00:00.10 | Mem:0.00M, Peak:0.00M | Scene, ViewLayer | Synchronizing object | wall_panel_star6.wall_panel.024
Fra:1 Mem:18.37M (Peak 18.37M) | Time:00:00.10 | Mem:0.00M, Peak:0.00M | Scene, ViewLayer | Synchronizing object | wall_panel_star6.wall_panel.025
Fra:1 Mem:18.38M (Peak 18.38M) | Time:00:00.10 | Mem:0.00M, Peak:0.00M | Scene, ViewLayer | Synchronizing object | wall_panel_star6.wall_panel.026
Fra:1 Mem:18.38M (Peak 18.38M) | Time:00:00.10 | Mem:0.00M, Peak:0.00M | Scene, ViewLayer | Synchronizing object | wall_panel_star6.wall_panel.027
Fra:1 Mem:18.38M (Peak 18.38M) | Time:00:00.10 | Mem:0.00M, Peak:0.00M | Scene, ViewLayer | Synchronizing object | wall_panel_star6.wall_panel.028
Fra:1 Mem:18.38M (Peak 18.38M) | Time:00:00.10 | Mem:0.00M, Peak:0.00M | Scene, ViewLayer | Synchronizing object | wall_panel_star6.wall_panel.030
Fra:1 Mem:18.38M (Peak 18.38M) | Time:00:00.10 | Mem:0.00M, Peak:0.00M | Scene, ViewLayer | Synchronizing object | wall_panel_star6.wall_panel.031
Fra:1 Mem:18.38M (Peak 18.38M) | Time:00:00.10 | Mem:0.00M, Peak:0.00M | Scene, ViewLayer | Synchronizing object | wall_corner_star6.wall_corner
Fra:1 Mem:18.39M (Peak 18.39M) | Time:00:00.10 | Mem:0.00M, Peak:0.00M | Scene, ViewLayer | Synchronizing object | wall_corner_star6.wall_corner.001
Fra:1 Mem:18.39M (Peak 18.39M) | Time:00:00.10 | Mem:0.00M, Peak:0.00M | Scene, ViewLayer | Synchronizing object | wall_corner_star6.wall_corner.002
Fra:1 Mem:18.39M (Peak 18.39M) | Time:00:00.10 | Mem:0.00M, Peak:0.00M | Scene, ViewLayer | Synchronizing object | column_star6.column
Fra:1 Mem:18.39M (Peak 18.39M) | Time:00:00.10 | Mem:0.00M, Peak:0.00M | Scene, ViewLayer | Synchronizing object | asset_0001_0
Fra:1 Mem:18.39M (Peak 18.39M) | Time:00:00.10 | Mem:0.00M, Peak:0.00M | Scene, ViewLayer | Synchronizing object | asset_0001_0.003
Fra:1 Mem:18.42M (Peak 18.42M) | Time:00:00.10 | Mem:0.00M, Peak:0.00M | Scene, ViewLayer | Initializing
Fra:1 Mem:14.96M (Peak 18.42M) | Time:00:00.10 | Mem:0.00M, Peak:0.00M | Scene, ViewLayer | Waiting for render to start
Fra:1 Mem:14.96M (Peak 18.42M) | Time:00:00.10 | Mem:0.00M, Peak:0.00M | Scene, ViewLayer | Updating Scene
Fra:1 Mem:14.96M (Peak 18.42M) | Time:00:00.10 | Mem:0.00M, Peak:0.00M | Scene, ViewLayer | Updating Shaders
Fra:1 Mem:14.96M (Peak 18.42M) | Time:00:00.10 | Mem:0.00M, Peak:0.00M | Scene, ViewLayer | Loading render kernels (may take a few minutes the first time)
Fra:1 Mem:15.04M (Peak 43.06M) | Time:00:00.16 | Mem:0.01M, Peak:0.01M | Scene, ViewLayer | Updating Procedurals
Fra:1 Mem:15.04M (Peak 43.06M) | Time:00:00.16 | Mem:0.01M, Peak:0.01M | Scene, ViewLayer | Updating Background
Fra:1 Mem:15.04M (Peak 43.06M) | Time:00:00.16 | Mem:0.01M, Peak:0.01M | Scene, ViewLayer | Updating Camera
Fra:1 Mem:15.04M (Peak 43.06M) | Time:00:00.16 | Mem:0.01M, Peak:0.01M | Scene, ViewLayer | Updating Meshes Flags
Fra:1 Mem:15.04M (Peak 43.06M) | Time:00:00.16 | Mem:0.01M, Peak:0.01M | Scene, ViewLayer | Updating Objects
Fra:1 Mem:15.04M (Peak 43.06M) | Time:00:00.16 | Mem:0.01M, Peak:0.01M | Scene, ViewLayer | Updating Objects | Copying Transformations to device
Fra:1 Mem:15.07M (Peak 43.06M) | Time:00:00.16 | Mem:0.03M, Peak:0.03M | Scene, ViewLayer | Updating Particle Systems
Fra:1 Mem:15.07M (Peak 43.06M) | Time:00:00.16 | Mem:0.03M, Peak:0.03M | Scene, ViewLayer | Updating Particle Systems | Copying Particles to device
Fra:1 Mem:15.07M (Peak 43.06M) | Time:00:00.16 | Mem:0.03M, Peak:0.03M | Scene, ViewLayer | Updating Meshes
Fra:1 Mem:15.07M (Peak 43.06M) | Time:00:00.16 | Mem:0.03M, Peak:0.03M | Scene, ViewLayer | Updating Objects | Applying Static Transformations
Fra:1 Mem:15.07M (Peak 43.06M) | Time:00:00.16 | Mem:0.03M, Peak:0.03M | Scene, ViewLayer | Updating Mesh | Computing attributes
Fra:1 Mem:15.10M (Peak 43.06M) | Time:00:00.16 | Mem:0.04M, Peak:0.04M | Scene, ViewLayer | Updating Mesh | Copying Attributes to device
Fra:1 Mem:15.08M (Peak 43.06M) | Time:00:00.16 | Mem:0.05M, Peak:0.05M | Scene, ViewLayer | Updating Geometry BVH light 107/106 | Building BVH
Fra:1 Mem:15.08M (Peak 43.06M) | Time:00:00.16 | Mem:0.05M, Peak:0.05M | Scene, ViewLayer | Updating Geometry BVH Cube.006 7/106 | Building BVH
Fra:1 Mem:15.08M (Peak 43.06M) | Time:00:00.16 | Mem:0.05M, Peak:0.05M | Scene, ViewLayer | Updating Geometry BVH Cube.014 15/106 | Building BVH
Fra:1 Mem:15.08M (Peak 43.06M) | Time:00:00.16 | Mem:0.05M, Peak:0.05M | Scene, ViewLayer | Updating Geometry BVH Cube.017 18/106 | Building OptiX acceleration structure
Fra:1 Mem:15.08M (Peak 43.06M) | Time:00:00.16 | Mem:0.05M, Peak:0.05M | Scene, ViewLayer | Updating Geometry BVH Cube.018 19/106 | Building BVH
Fra:1 Mem:15.08M (Peak 43.06M) | Time:00:00.16 | Mem:0.05M, Peak:0.05M | Scene, ViewLayer | Updating Geometry BVH Cube.020 21/106 | Building BVH
Fra:1 Mem:15.08M (Peak 43.06M) | Time:00:00.16 | Mem:0.05M, Peak:0.05M | Scene, ViewLayer | Updating Geometry BVH Cube.021 22/106 | Building OptiX acceleration structure
Fra:1 Mem:15.09M (Peak 43.06M) | Time:00:00.16 | Mem:0.05M, Peak:0.05M | Scene, ViewLayer | Updating Geometry BVH Cube.022 23/106 | Building BVH
Fra:1 Mem:15.09M (Peak 43.06M) | Time:00:00.16 | Mem:0.05M, Peak:0.05M | Scene, ViewLayer | Updating Geometry BVH Cube.022 23/106 | Building OptiX acceleration structure
Fra:1 Mem:15.09M (Peak 43.06M) | Time:00:00.16 | Mem:0.05M, Peak:0.05M | Scene, ViewLayer | Updating Geometry BVH Cube.023 24/106 | Building BVH
Fra:1 Mem:15.09M (Peak 43.06M) | Time:00:00.16 | Mem:0.05M, Peak:0.05M | Scene, ViewLayer | Updating Geometry BVH Cube.027 28/106 | Building OptiX acceleration structure
Fra:1 Mem:15.09M (Peak 43.06M) | Time:00:00.16 | Mem:0.06M, Peak:0.06M | Scene, ViewLayer | Updating Geometry BVH girih.star_mesh 106/106 | Building BVH
Fra:1 Mem:15.09M (Peak 43.06M) | Time:00:00.16 | Mem:0.06M, Peak:0.06M | Scene, ViewLayer | Updating Geometry BVH girih.star_mesh 106/106 | Building OptiX acceleration structure
Fra:1 Mem:15.09M (Peak 43.06M) | Time:00:00.16 | Mem:0.06M, Peak:0.06M | Scene, ViewLayer | Updating Geometry BVH Cube.028 29/106 | Building BVH
Fra:1 Mem:15.09M (Peak 43.06M) | Time:00:00.16 | Mem:0.06M, Peak:0.06M | Scene, ViewLayer | Updating Geometry BVH Cube.028 29/106 | Building OptiX acceleration structure
Fra:1 Mem:15.09M (Peak 43.06M) | Time:00:00.16 | Mem:0.06M, Peak:0.07M | Scene, ViewLayer | Updating Geometry BVH Cube.029 30/106 | Building BVH
Fra:1 Mem:15.09M (Peak 43.06M) | Time:00:00.16 | Mem:0.06M, Peak:0.07M | Scene, ViewLayer | Updating Geometry BVH Cube.029 30/106 | Building OptiX acceleration structure
Fra:1 Mem:15.09M (Peak 43.06M) | Time:00:00.16 | Mem:0.06M, Peak:0.07M | Scene, ViewLayer | Updating Geometry BVH Cube.030 31/106 | Building BVH
Fra:1 Mem:15.09M (Peak 43.06M) | Time:00:00.16 | Mem:0.06M, Peak:0.07M | Scene, ViewLayer | Updating Geometry BVH Cube.030 31/106 | Building OptiX acceleration structure
Fra:1 Mem:15.09M (Peak 43.06M) | Time:00:00.16 | Mem:0.06M, Peak:0.07M | Scene, ViewLayer | Updating Geometry BVH Cube.031 32/106 | Building BVH
Fra:1 Mem:15.09M (Peak 43.06M) | Time:00:00.16 | Mem:0.07M, Peak:0.07M | Scene, ViewLayer | Updating Geometry BVH Cube.031 32/106 | Building OptiX acceleration structure
Fra:1 Mem:15.09M (Peak 43.06M) | Time:00:00.16 | Mem:0.06M, Peak:0.07M | Scene, ViewLayer | Updating Geometry BVH Cube.032 33/106 | Building BVH
Fra:1 Mem:15.09M (Peak 43.06M) | Time:00:00.16 | Mem:0.06M, Peak:0.07M | Scene, ViewLayer | Updating Geometry BVH Cube.032 33/106 | Building OptiX acceleration structure
Fra:1 Mem:15.09M (Peak 43.06M) | Time:00:00.16 | Mem:0.06M, Peak:0.07M | Scene, ViewLayer | Updating Geometry BVH Cube.033 34/106 | Building BVH
Fra:1 Mem:15.09M (Peak 43.06M) | Time:00:00.16 | Mem:0.06M, Peak:0.07M | Scene, ViewLayer | Updating Geometry BVH Cube.033 34/106 | Building OptiX acceleration structure
Fra:1 Mem:15.09M (Peak 43.06M) | Time:00:00.16 | Mem:0.07M, Peak:0.07M | Scene, ViewLayer | Updating Geometry BVH Cube.034 35/106 | Building BVH
Fra:1 Mem:15.09M (Peak 43.06M) | Time:00:00.16 | Mem:0.07M, Peak:0.07M | Scene, ViewLayer | Updating Geometry BVH Cube.034 35/106 | Building OptiX acceleration structure
Fra:1 Mem:15.09M (Peak 43.06M) | Time:00:00.16 | Mem:0.07M, Peak:0.07M | Scene, ViewLayer | Updating Geometry BVH Cube.035 36/106 | Building BVH
Fra:1 Mem:15.09M (Peak 43.06M) | Time:00:00.16 | Mem:0.07M, Peak:0.07M | Scene, ViewLayer | Updating Geometry BVH Cube.035 36/106 | Building OptiX acceleration structure
Fra:1 Mem:15.09M (Peak 43.06M) | Time:00:00.16 | Mem:0.07M, Peak:0.07M | Scene, ViewLayer | Updating Geometry BVH Cube.036 37/106 | Building BVH
Fra:1 Mem:15.09M (Peak 43.06M) | Time:00:00.16 | Mem:0.07M, Peak:0.07M | Scene, ViewLayer | Updating Geometry BVH Cube.036 37/106 | Building OptiX acceleration structure
Fra:1 Mem:15.09M (Peak 43.06M) | Time:00:00.16 | Mem:0.07M, Peak:0.08M | Scene, ViewLayer | Updating Geometry BVH Cube.037 38/106 | Building BVH
Fra:1 Mem:15.09M (Peak 43.06M) | Time:00:00.16 | Mem:0.08M, Peak:0.08M | Scene, ViewLayer | Updating Geometry BVH Cube.037 38/106 | Building OptiX acceleration structure
Fra:1 Mem:15.09M (Peak 43.06M) | Time:00:00.16 | Mem:0.07M, Peak:0.08M | Scene, ViewLayer | Updating Geometry BVH Cube.038 39/106 | Building BVH
Fra:1 Mem:15.09M (Peak 43.06M) | Time:00:00.16 | Mem:0.07M, Peak:0.08M | Scene, ViewLayer | Updating Geometry BVH Cube.038 39/106 | Building OptiX acceleration structure
Fra:1 Mem:15.09M (Peak 43.06M) | Time:00:00.16 | Mem:0.08M, Peak:0.08M | Scene, ViewLayer | Updating Geometry BVH Cube.039 40/106 | Building BVH
Fra:1 Mem:15.09M (Peak 43.06M) | Time:00:00.16 | Mem:0.08M, Peak:0.08M | Scene, ViewLayer | Updating Geometry BVH Cube.039 40/106 | Building OptiX acceleration structure
Fra:1 Mem:15.09M (Peak 43.06M) | Time:00:00.16 | Mem:0.07M, Peak:0.08M | Scene, ViewLayer | Updating Geometry BVH Cube.040 41/106 | Building BVH
Fra:1 Mem:15.09M (Peak 43.06M) | Time:00:00.16 | Mem:0.07M, Peak:0.08M | Scene, ViewLayer | Updating Geometry BVH Cube.040 41/106 | Building OptiX acceleration structure
Fra:1 Mem:15.09M (Peak 43.06M) | Time:00:00.16 | Mem:0.07M, Peak:0.08M | Scene, ViewLayer | Updating Geometry BVH Cube.041 42/106 | Building BVH
Fra:1 Mem:15.09M (Peak 43.06M) | Time:00:00.16 | Mem:0.07M, Peak:0.08M | Scene, ViewLayer | Updating Geometry BVH Cube.041 42/106 | Building OptiX acceleration structure
Fra:1 Mem:15.09M (Peak 43.06M) | Time:00:00.16 | Mem:0.08M, Peak:0.08M | Scene, ViewLayer | Updating Geometry BVH Cube.042 43/106 | Building BVH
Fra:1 Mem:15.09M (Peak 43.06M) | Time:00:00.16 | Mem:0.09M, Peak:0.09M | Scene, ViewLayer | Updating Geometry BVH Cube.042 43/106 | Building OptiX acceleration structure
Fra:1 Mem:15.09M (Peak 43.06M) | Time:00:00.16 | Mem:0.08M, Peak:0.09M | Scene, ViewLayer | Updating Geometry BVH girih.star_mesh 105/106 | Building BVH
Fra:1 Mem:15.09M (Peak 43.06M) | Time:00:00.16 | Mem:0.08M, Peak:0.09M | Scene, ViewLayer | Updating Geometry BVH girih.star_mesh 105/106 | Building OptiX acceleration structure
Fra:1 Mem:15.09M (Peak 43.06M) | Time:00:00.16 | Mem:0.08M, Peak:0.09M | Scene, ViewLayer | Updating Geometry BVH Cube.043 44/106 | Building BVH
Fra:1 Mem:15.09M (Peak 43.06M) | Time:00:00.16 | Mem:0.08M, Peak:0.09M | Scene, ViewLayer | Updating Geometry BVH Cube.043 44/106 | Building OptiX acceleration structure
Fra:1 Mem:15.09M (Peak 43.06M) | Time:00:00.16 | Mem:0.08M, Peak:0.09M | Scene, ViewLayer | Updating Geometry BVH Cube.044 45/106 | Building BVH
Fra:1 Mem:15.09M (Peak 43.06M) | Time:00:00.16 | Mem:0.08M, Peak:0.09M | Scene, ViewLayer | Updating Geometry BVH Cube.044 45/106 | Building OptiX acceleration structure
Fra:1 Mem:15.09M (Peak 43.06M) | Time:00:00.16 | Mem:0.08M, Peak:0.09M | Scene, ViewLayer | Updating Geometry BVH Cube.045 46/106 | Building BVH
Fra:1 Mem:15.09M (Peak 43.06M) | Time:00:00.16 | Mem:0.08M, Peak:0.09M | Scene, ViewLayer | Updating Geometry BVH Cube.045 46/106 | Building OptiX acceleration structure
Fra:1 Mem:15.09M (Peak 43.06M) | Time:00:00.16 | Mem:0.08M, Peak:0.09M | Scene, ViewLayer | Updating Geometry BVH Cube.046 47/106 | Building BVH
Fra:1 Mem:15.09M (Peak 43.06M) | Time:00:00.16 | Mem:0.08M, Peak:0.09M | Scene, ViewLayer | Updating Geometry BVH Cube.046 47/106 | Building OptiX acceleration structure
Fra:1 Mem:15.09M (Peak 43.06M) | Time:00:00.16 | Mem:0.08M, Peak:0.09M | Scene, ViewLayer | Updating Geometry BVH Cube.047 48/106 | Building BVH
Fra:1 Mem:15.09M (Peak 43.06M) | Time:00:00.16 | Mem:0.08M, Peak:0.09M | Scene, ViewLayer | Updating Geometry BVH Cube.047 48/106 | Building OptiX acceleration structure
Fra:1 Mem:15.09M (Peak 43.06M) | Time:00:00.16 | Mem:0.08M, Peak:0.09M | Scene, ViewLayer | Updating Geometry BVH Cube.048 49/106 | Building BVH
Fra:1 Mem:15.09M (Peak 43.06M) | Time:00:00.16 | Mem:0.08M, Peak:0.09M | Scene, ViewLayer | Updating Geometry BVH Cube.048 49/106 | Building OptiX acceleration structure
Fra:1 Mem:15.09M (Peak 43.06M) | Time:00:00.16 | Mem:0.09M, Peak:0.09M | Scene, ViewLayer | Updating Geometry BVH Cube.049 50/106 | Building BVH
Fra:1 Mem:15.09M (Peak 43.06M) | Time:00:00.16 | Mem:0.09M, Peak:0.09M | Scene, ViewLayer | Updating Geometry BVH Cube.049 50/106 | Building OptiX acceleration structure
Fra:1 Mem:15.09M (Peak 43.06M) | Time:00:00.16 | Mem:0.09M, Peak:0.09M | Scene, ViewLayer | Updating Geometry BVH Cube.050 51/106 | Building BVH
Fra:1 Mem:15.09M (Peak 43.06M) | Time:00:00.16 | Mem:0.09M, Peak:0.09M | Scene, ViewLayer | Updating Geometry BVH Cube.050 51/106 | Building OptiX acceleration structure
Fra:1 Mem:15.09M (Peak 43.06M) | Time:00:00.16 | Mem:0.09M, Peak:0.09M | Scene, ViewLayer | Updating Geometry BVH Cube.051 52/106 | Building BVH
Fra:1 Mem:15.09M (Peak 43.06M) | Time:00:00.16 | Mem:0.09M, Peak:0.09M | Scene, ViewLayer | Updating Geometry BVH Cube.051 52/106 | Building OptiX acceleration structure
Fra:1 Mem:15.09M (Peak 43.06M) | Time:00:00.16 | Mem:0.09M, Peak:0.10M | Scene, ViewLayer | Updating Geometry BVH Cube.052 53/106 | Building BVH
Fra:1 Mem:15.09M (Peak 43.06M) | Time:00:00.16 | Mem:0.09M, Peak:0.10M | Scene, ViewLayer | Updating Geometry BVH Cube.052 53/106 | Building OptiX acceleration structure
Fra:1 Mem:15.09M (Peak 43.06M) | Time:00:00.16 | Mem:0.09M, Peak:0.10M | Scene, ViewLayer | Updating Geometry BVH Cube.053 54/106 | Building BVH
Fra:1 Mem:15.09M (Peak 43.06M) | Time:00:00.16 | Mem:0.09M, Peak:0.10M | Scene, ViewLayer | Updating Geometry BVH Cube.053 54/106 | Building OptiX acceleration structure
Fra:1 Mem:15.09M (Peak 43.06M) | Time:00:00.16 | Mem:0.09M, Peak:0.10M | Scene, ViewLayer | Updating Geometry BVH Cube.054 55/106 | Building BVH
Fra:1 Mem:15.09M (Peak 43.06M) | Time:00:00.16 | Mem:0.09M, Peak:0.10M | Scene, ViewLayer | Updating Geometry BVH Cube.054 55/106 | Building OptiX acceleration structure
Fra:1 Mem:15.09M (Peak 43.06M) | Time:00:00.16 | Mem:0.09M, Peak:0.10M | Scene, ViewLayer | Updating Geometry BVH Cube.055 56/106 | Building BVH
Fra:1 Mem:15.09M (Peak 43.06M) | Time:00:00.16 | Mem:0.09M, Peak:0.10M | Scene, ViewLayer | Updating Geometry BVH Cube.055 56/106 | Building OptiX acceleration structure
Fra:1 Mem:15.09M (Peak 43.06M) | Time:00:00.16 | Mem:0.09M, Peak:0.10M | Scene, ViewLayer | Updating Geometry BVH Cube.056 57/106 | Building BVH
Fra:1 Mem:15.09M (Peak 43.06M) | Time:00:00.16 | Mem:0.09M, Peak:0.10M | Scene, ViewLayer | Updating Geometry BVH Cube.056 57/106 | Building OptiX acceleration structure
Fra:1 Mem:15.09M (Peak 43.06M) | Time:00:00.17 | Mem:0.10M, Peak:0.10M | Scene, ViewLayer | Updating Geometry BVH Cube.057 58/106 | Building BVH
Fra:1 Mem:15.09M (Peak 43.06M) | Time:00:00.17 | Mem:0.10M, Peak:0.10M | Scene, ViewLayer | Updating Geometry BVH Cube.057 58/106 | Building OptiX acceleration structure
Fra:1 Mem:15.09M (Peak 43.06M) | Time:00:00.17 | Mem:0.10M, Peak:0.10M | Scene, ViewLayer | Updating Geometry BVH Cube.058 59/106 | Building BVH
Fra:1 Mem:15.09M (Peak 43.06M) | Time:00:00.17 | Mem:0.10M, Peak:0.10M | Scene, ViewLayer | Updating Geometry BVH Cube.058 59/106 | Building OptiX acceleration structure
Fra:1 Mem:15.09M (Peak 43.06M) | Time:00:00.17 | Mem:0.10M, Peak:0.10M | Scene, ViewLayer | Updating Geometry BVH Cube.059 60/106 | Building BVH
Fra:1 Mem:15.09M (Peak 43.06M) | Time:00:00.17 | Mem:0.11M, Peak:0.11M | Scene, ViewLayer | Updating Geometry BVH Cube.059 60/106 | Building OptiX acceleration structure
Fra:1 Mem:15.09M (Peak 43.06M) | Time:00:00.17 | Mem:0.10M, Peak:0.11M | Scene, ViewLayer | Updating Geometry BVH Cube.060 61/106 | Building BVH
Fra:1 Mem:15.09M (Peak 43.06M) | Time:00:00.17 | Mem:0.10M, Peak:0.11M | Scene, ViewLayer | Updating Geometry BVH Cube.060 61/106 | Building OptiX acceleration structure
Fra:1 Mem:15.09M (Peak 43.06M) | Time:00:00.17 | Mem:0.10M, Peak:0.11M | Scene, ViewLayer | Updating Geometry BVH Cube.061 62/106 | Building BVH
Fra:1 Mem:15.09M (Peak 43.06M) | Time:00:00.17 | Mem:0.10M, Peak:0.11M | Scene, ViewLayer | Updating Geometry BVH Cube.061 62/106 | Building OptiX acceleration structure
Fra:1 Mem:15.09M (Peak 43.06M) | Time:00:00.17 | Mem:0.10M, Peak:0.11M | Scene, ViewLayer | Updating Geometry BVH Cube.062 63/106 | Building BVH
Fra:1 Mem:15.09M (Peak 43.06M) | Time:00:00.17 | Mem:0.10M, Peak:0.11M | Scene, ViewLayer | Updating Geometry BVH Cube.062 63/106 | Building OptiX acceleration structure
Fra:1 Mem:15.09M (Peak 43.06M) | Time:00:00.17 | Mem:0.10M, Peak:0.11M | Scene, ViewLayer | Updating Geometry BVH Cube.063 64/106 | Building BVH
Fra:1 Mem:15.09M (Peak 43.06M) | Time:00:00.17 | Mem:0.10M, Peak:0.11M | Scene, ViewLayer | Updating Geometry BVH Cube.063 64/106 | Building OptiX acceleration structure
Fra:1 Mem:15.09M (Peak 43.06M) | Time:00:00.17 | Mem:0.10M, Peak:0.11M | Scene, ViewLayer | Updating Geometry BVH Cube.064 65/106 | Building BVH
Fra:1 Mem:15.09M (Peak 43.06M) | Time:00:00.17 | Mem:0.11M, Peak:0.11M | Scene, ViewLayer | Updating Geometry BVH Cube.064 65/106 | Building OptiX acceleration structure
Fra:1 Mem:15.09M (Peak 43.06M) | Time:00:00.17 | Mem:0.11M, Peak:0.11M | Scene, ViewLayer | Updating Geometry BVH Cube.129 66/106 | Building BVH
Fra:1 Mem:15.09M (Peak 43.06M) | Time:00:00.17 | Mem:0.11M, Peak:0.11M | Scene, ViewLayer | Updating Geometry BVH Cube.129 66/106 | Building OptiX acceleration structure
Fra:1 Mem:15.09M (Peak 43.06M) | Time:00:00.17 | Mem:0.11M, Peak:0.11M | Scene, ViewLayer | Updating Geometry BVH Cube.130 67/106 | Building BVH
Fra:1 Mem:15.09M (Peak 43.06M) | Time:00:00.17 | Mem:0.11M, Peak:0.11M | Scene, ViewLayer | Updating Geometry BVH Cube.130 67/106 | Building OptiX acceleration structure
Fra:1 Mem:15.09M (Peak 43.06M) | Time:00:00.17 | Mem:0.11M, Peak:0.11M | Scene, ViewLayer | Updating Geometry BVH Cube.131 68/106 | Building BVH
Fra:1 Mem:15.09M (Peak 43.06M) | Time:00:00.17 | Mem:0.11M, Peak:0.11M | Scene, ViewLayer | Updating Geometry BVH Cube.131 68/106 | Building OptiX acceleration structure
Fra:1 Mem:15.09M (Peak 43.06M) | Time:00:00.17 | Mem:0.11M, Peak:0.12M | Scene, ViewLayer | Updating Geometry BVH Cube.132 69/106 | Building BVH
Fra:1 Mem:15.09M (Peak 43.06M) | Time:00:00.17 | Mem:0.11M, Peak:0.12M | Scene, ViewLayer | Updating Geometry BVH Cube.132 69/106 | Building OptiX acceleration structure
Fra:1 Mem:15.09M (Peak 43.06M) | Time:00:00.17 | Mem:0.11M, Peak:0.12M | Scene, ViewLayer | Updating Geometry BVH Cube.133 70/106 | Building BVH
Fra:1 Mem:15.09M (Peak 43.06M) | Time:00:00.17 | Mem:0.12M, Peak:0.12M | Scene, ViewLayer | Updating Geometry BVH Cube.133 70/106 | Building OptiX acceleration structure
Fra:1 Mem:15.09M (Peak 43.06M) | Time:00:00.17 | Mem:0.11M, Peak:0.12M | Scene, ViewLayer | Updating Geometry BVH girih.star_mesh 104/106 | Building BVH
Fra:1 Mem:15.09M (Peak 43.06M) | Time:00:00.17 | Mem:0.11M, Peak:0.12M | Scene, ViewLayer | Updating Geometry BVH girih.star_mesh 104/106 | Building OptiX acceleration structure
Fra:1 Mem:15.09M (Peak 43.06M) | Time:00:00.17 | Mem:0.11M, Peak:0.12M | Scene, ViewLayer | Updating Geometry BVH Cube.134 71/106 | Building BVH
Fra:1 Mem:15.09M (Peak 43.06M) | Time:00:00.17 | Mem:0.11M, Peak:0.12M | Scene, ViewLayer | Updating Geometry BVH Cube.134 71/106 | Building OptiX acceleration structure
Fra:1 Mem:15.09M (Peak 43.06M) | Time:00:00.17 | Mem:0.11M, Peak:0.12M | Scene, ViewLayer | Updating Geometry BVH Cube.135 72/106 | Building BVH
Fra:1 Mem:15.09M (Peak 43.06M) | Time:00:00.17 | Mem:0.11M, Peak:0.12M | Scene, ViewLayer | Updating Geometry BVH Cube.135 72/106 | Building OptiX acceleration structure
Fra:1 Mem:15.09M (Peak 43.06M) | Time:00:00.17 | Mem:0.12M, Peak:0.12M | Scene, ViewLayer | Updating Geometry BVH Cube.136 73/106 | Building BVH
Fra:1 Mem:15.09M (Peak 43.06M) | Time:00:00.17 | Mem:0.12M, Peak:0.12M | Scene, ViewLayer | Updating Geometry BVH Cube.136 73/106 | Building OptiX acceleration structure
Fra:1 Mem:15.09M (Peak 43.06M) | Time:00:00.17 | Mem:0.12M, Peak:0.12M | Scene, ViewLayer | Updating Geometry BVH Cube.137 74/106 | Building BVH
Fra:1 Mem:15.09M (Peak 43.06M) | Time:00:00.17 | Mem:0.12M, Peak:0.12M | Scene, ViewLayer | Updating Geometry BVH Cube.137 74/106 | Building OptiX acceleration structure
Fra:1 Mem:15.09M (Peak 43.06M) | Time:00:00.17 | Mem:0.12M, Peak:0.12M | Scene, ViewLayer | Updating Geometry BVH Cube.138 75/106 | Building BVH
Fra:1 Mem:15.09M (Peak 43.06M) | Time:00:00.17 | Mem:0.13M, Peak:0.13M | Scene, ViewLayer | Updating Geometry BVH Cube.138 75/106 | Building OptiX acceleration structure
Fra:1 Mem:15.09M (Peak 43.06M) | Time:00:00.17 | Mem:0.12M, Peak:0.13M | Scene, ViewLayer | Updating Geometry BVH Cube.139 76/106 | Building BVH
Fra:1 Mem:15.09M (Peak 43.06M) | Time:00:00.17 | Mem:0.12M, Peak:0.13M | Scene, ViewLayer | Updating Geometry BVH Cube.139 76/106 | Building OptiX acceleration structure
Fra:1 Mem:15.09M (Peak 43.06M) | Time:00:00.17 | Mem:0.13M, Peak:0.13M | Scene, ViewLayer | Updating Geometry BVH Cube.140 77/106 | Building BVH
Fra:1 Mem:15.09M (Peak 43.06M) | Time:00:00.17 | Mem:0.13M, Peak:0.13M | Scene, ViewLayer | Updating Geometry BVH Cube.140 77/106 | Building OptiX acceleration structure
Fra:1 Mem:15.09M (Peak 43.06M) | Time:00:00.17 | Mem:0.12M, Peak:0.13M | Scene, ViewLayer | Updating Geometry BVH Cube.141 78/106 | Building BVH
Fra:1 Mem:15.09M (Peak 43.06M) | Time:00:00.17 | Mem:0.12M, Peak:0.13M | Scene, ViewLayer | Updating Geometry BVH Cube.141 78/106 | Building OptiX acceleration structure
Fra:1 Mem:15.09M (Peak 43.06M) | Time:00:00.17 | Mem:0.12M, Peak:0.13M | Scene, ViewLayer | Updating Geometry BVH Cube.142 79/106 | Building BVH
Fra:1 Mem:15.09M (Peak 43.06M) | Time:00:00.17 | Mem:0.12M, Peak:0.13M | Scene, ViewLayer | Updating Geometry BVH Cube.142 79/106 | Building OptiX acceleration structure
Fra:1 Mem:15.09M (Peak 43.06M) | Time:00:00.17 | Mem:0.12M, Peak:0.13M | Scene, ViewLayer | Updating Geometry BVH Cube.143 80/106 | Building BVH
Fra:1 Mem:15.09M (Peak 43.06M) | Time:00:00.17 | Mem:0.13M, Peak:0.13M | Scene, ViewLayer | Updating Geometry BVH Cube.143 80/106 | Building OptiX acceleration structure
Fra:1 Mem:15.09M (Peak 43.06M) | Time:00:00.17 | Mem:0.13M, Peak:0.13M | Scene, ViewLayer | Updating Geometry BVH Cube.144 81/106 | Building BVH
Fra:1 Mem:15.09M (Peak 43.06M) | Time:00:00.17 | Mem:0.13M, Peak:0.13M | Scene, ViewLayer | Updating Geometry BVH Cube.144 81/106 | Building OptiX acceleration structure
Fra:1 Mem:15.09M (Peak 43.06M) | Time:00:00.17 | Mem:0.13M, Peak:0.13M | Scene, ViewLayer | Updating Geometry BVH Cube.145 82/106 | Building BVH
Fra:1 Mem:15.09M (Peak 43.06M) | Time:00:00.17 | Mem:0.13M, Peak:0.13M | Scene, ViewLayer | Updating Geometry BVH Cube.145 82/106 | Building OptiX acceleration structure
Fra:1 Mem:15.09M (Peak 43.06M) | Time:00:00.17 | Mem:0.13M, Peak:0.13M | Scene, ViewLayer | Updating Geometry BVH Cube.146 83/106 | Building BVH
Fra:1 Mem:15.09M (Peak 43.06M) | Time:00:00.17 | Mem:0.13M, Peak:0.13M | Scene, ViewLayer | Updating Geometry BVH Cube.146 83/106 | Building OptiX acceleration structure
Fra:1 Mem:15.09M (Peak 43.06M) | Time:00:00.17 | Mem:0.13M, Peak:0.14M | Scene, ViewLayer | Updating Geometry BVH Cube.147 84/106 | Building BVH
Fra:1 Mem:15.09M (Peak 43.06M) | Time:00:00.17 | Mem:0.14M, Peak:0.14M | Scene, ViewLayer | Updating Geometry BVH Cube.147 84/106 | Building OptiX acceleration structure
Fra:1 Mem:15.09M (Peak 43.06M) | Time:00:00.17 | Mem:0.13M, Peak:0.14M | Scene, ViewLayer | Updating Geometry BVH Cube.148 85/106 | Building BVH
Fra:1 Mem:15.09M (Peak 43.06M) | Time:00:00.17 | Mem:0.13M, Peak:0.14M | Scene, ViewLayer | Updating Geometry BVH Cube.148 85/106 | Building OptiX acceleration structure
Fra:1 Mem:15.09M (Peak 43.06M) | Time:00:00.17 | Mem:0.14M, Peak:0.14M | Scene, ViewLayer | Updating Geometry BVH Cube.149 86/106 | Building BVH
Fra:1 Mem:15.09M (Peak 43.06M) | Time:00:00.17 | Mem:0.14M, Peak:0.14M | Scene, ViewLayer | Updating Geometry BVH Cube.149 86/106 | Building OptiX acceleration structure
Fra:1 Mem:15.09M (Peak 43.06M) | Time:00:00.17 | Mem:0.14M, Peak:0.14M | Scene, ViewLayer | Updating Geometry BVH Cube.150 87/106 | Building BVH
Fra:1 Mem:15.09M (Peak 43.06M) | Time:00:00.17 | Mem:0.14M, Peak:0.14M | Scene, ViewLayer | Updating Geometry BVH Cube.150 87/106 | Building OptiX acceleration structure
Fra:1 Mem:15.09M (Peak 43.06M) | Time:00:00.17 | Mem:0.14M, Peak:0.14M | Scene, ViewLayer | Updating Geometry BVH Cube.151 88/106 | Building BVH
Fra:1 Mem:15.09M (Peak 43.06M) | Time:00:00.17 | Mem:0.14M, Peak:0.14M | Scene, ViewLayer | Updating Geometry BVH Cube.151 88/106 | Building OptiX acceleration structure
Fra:1 Mem:15.09M (Peak 43.06M) | Time:00:00.17 | Mem:0.14M, Peak:0.14M | Scene, ViewLayer | Updating Geometry BVH Cube.152 89/106 | Building BVH
Fra:1 Mem:15.09M (Peak 43.06M) | Time:00:00.17 | Mem:0.14M, Peak:0.14M | Scene, ViewLayer | Updating Geometry BVH Cube.152 89/106 | Building OptiX acceleration structure
Fra:1 Mem:15.09M (Peak 43.06M) | Time:00:00.17 | Mem:0.14M, Peak:0.14M | Scene, ViewLayer | Updating Geometry BVH Cube.153 90/106 | Building BVH
Fra:1 Mem:15.09M (Peak 43.06M) | Time:00:00.17 | Mem:0.14M, Peak:0.14M | Scene, ViewLayer | Updating Geometry BVH Cube.153 90/106 | Building OptiX acceleration structure
Fra:1 Mem:15.09M (Peak 43.06M) | Time:00:00.17 | Mem:0.14M, Peak:0.14M | Scene, ViewLayer | Updating Geometry BVH Cube.154 91/106 | Building BVH
Fra:1 Mem:15.09M (Peak 43.06M) | Time:00:00.17 | Mem:0.14M, Peak:0.14M | Scene, ViewLayer | Updating Geometry BVH Cube.154 91/106 | Building OptiX acceleration structure
Fra:1 Mem:15.09M (Peak 43.06M) | Time:00:00.17 | Mem:0.14M, Peak:0.15M | Scene, ViewLayer | Updating Geometry BVH Cube.155 92/106 | Building BVH
Fra:1 Mem:15.09M (Peak 43.06M) | Time:00:00.17 | Mem:0.15M, Peak:0.15M | Scene, ViewLayer | Updating Geometry BVH Cube.155 92/106 | Building OptiX acceleration structure
Fra:1 Mem:15.09M (Peak 43.06M) | Time:00:00.17 | Mem:0.14M, Peak:0.15M | Scene, ViewLayer | Updating Geometry BVH Cube.156 93/106 | Building BVH
Fra:1 Mem:15.09M (Peak 43.06M) | Time:00:00.17 | Mem:0.14M, Peak:0.15M | Scene, ViewLayer | Updating Geometry BVH Cube.156 93/106 | Building OptiX acceleration structure
Fra:1 Mem:15.09M (Peak 43.06M) | Time:00:00.17 | Mem:0.14M, Peak:0.15M | Scene, ViewLayer | Updating Geometry BVH Cube.157 94/106 | Building BVH
Fra:1 Mem:15.09M (Peak 43.06M) | Time:00:00.17 | Mem:0.14M, Peak:0.15M | Scene, ViewLayer | Updating Geometry BVH Cube.157 94/106 | Building OptiX acceleration structure
Fra:1 Mem:15.09M (Peak 43.06M) | Time:00:00.17 | Mem:0.15M, Peak:0.15M | Scene, ViewLayer | Updating Geometry BVH Cube.158 95/106 | Building BVH
Fra:1 Mem:15.09M (Peak 43.06M) | Time:00:00.17 | Mem:0.15M, Peak:0.15M | Scene, ViewLayer | Updating Geometry BVH Cube.158 95/106 | Building OptiX acceleration structure
Fra:1 Mem:15.09M (Peak 43.06M) | Time:00:00.17 | Mem:0.15M, Peak:0.15M | Scene, ViewLayer | Updating Geometry BVH Cube.159 96/106 | Building BVH
Fra:1 Mem:15.09M (Peak 43.06M) | Time:00:00.17 | Mem:0.15M, Peak:0.15M | Scene, ViewLayer | Updating Geometry BVH Cube.159 96/106 | Building OptiX acceleration structure
Fra:1 Mem:15.09M (Peak 43.06M) | Time:00:00.17 | Mem:0.15M, Peak:0.15M | Scene, ViewLayer | Updating Geometry BVH Cube.160 97/106 | Building BVH
Fra:1 Mem:15.09M (Peak 43.06M) | Time:00:00.17 | Mem:0.15M, Peak:0.15M | Scene, ViewLayer | Updating Geometry BVH Cube.160 97/106 | Building OptiX acceleration structure
Fra:1 Mem:15.09M (Peak 43.06M) | Time:00:00.17 | Mem:0.15M, Peak:0.16M | Scene, ViewLayer | Updating Geometry BVH girih.star_mesh 103/106 | Building BVH
Fra:1 Mem:15.09M (Peak 43.06M) | Time:00:00.17 | Mem:0.15M, Peak:0.16M | Scene, ViewLayer | Updating Geometry BVH girih.star_mesh 103/106 | Building OptiX acceleration structure
Fra:1 Mem:15.09M (Peak 43.06M) | Time:00:00.17 | Mem:0.15M, Peak:0.16M | Scene, ViewLayer | Updating Geometry BVH Cube.161 98/106 | Building BVH
Fra:1 Mem:15.09M (Peak 43.06M) | Time:00:00.17 | Mem:0.15M, Peak:0.16M | Scene, ViewLayer | Updating Geometry BVH Cube.161 98/106 | Building OptiX acceleration structure
Fra:1 Mem:15.09M (Peak 43.06M) | Time:00:00.17 | Mem:0.15M, Peak:0.16M | Scene, ViewLayer | Updating Geometry BVH Cube.162 99/106 | Building BVH
Fra:1 Mem:15.09M (Peak 43.06M) | Time:00:00.17 | Mem:0.15M, Peak:0.16M | Scene, ViewLayer | Updating Geometry BVH Cube.162 99/106 | Building OptiX acceleration structure
Fra:1 Mem:15.09M (Peak 43.06M) | Time:00:00.17 | Mem:0.15M, Peak:0.16M | Scene, ViewLayer | Updating Geometry BVH Cube.163 100/106 | Building BVH
Fra:1 Mem:15.09M (Peak 43.06M) | Time:00:00.17 | Mem:0.16M, Peak:0.16M | Scene, ViewLayer | Updating Geometry BVH Cube.163 100/106 | Building OptiX acceleration structure
Fra:1 Mem:15.09M (Peak 43.06M) | Time:00:00.17 | Mem:0.15M, Peak:0.16M | Scene, ViewLayer | Updating Geometry BVH Cube.164 101/106 | Building BVH
Fra:1 Mem:15.09M (Peak 43.06M) | Time:00:00.17 | Mem:0.15M, Peak:0.16M | Scene, ViewLayer | Updating Geometry BVH Cube.164 101/106 | Building OptiX acceleration structure
Fra:1 Mem:15.09M (Peak 43.06M) | Time:00:00.17 | Mem:0.16M, Peak:0.16M | Scene, ViewLayer | Updating Geometry BVH Cylinder 102/106 | Building BVH
Fra:1 Mem:15.09M (Peak 43.06M) | Time:00:00.17 | Mem:0.16M, Peak:0.16M | Scene, ViewLayer | Updating Geometry BVH Cylinder 102/106 | Building OptiX acceleration structure
Fra:1 Mem:15.09M (Peak 43.06M) | Time:00:00.18 | Mem:0.18M, Peak:0.19M | Scene, ViewLayer | Updating Scene BVH | Building
Fra:1 Mem:15.09M (Peak 43.06M) | Time:00:00.18 | Mem:0.18M, Peak:0.19M | Scene, ViewLayer | Updating Scene BVH | Building OptiX acceleration structure
Fra:1 Mem:15.09M (Peak 43.06M) | Time:00:00.18 | Mem:0.20M, Peak:0.24M | Scene, ViewLayer | Updating Scene BVH | Copying BVH to device
Fra:1 Mem:15.09M (Peak 43.06M) | Time:00:00.18 | Mem:0.20M, Peak:0.24M | Scene, ViewLayer | Updating Mesh | Computing normals
Fra:1 Mem:15.13M (Peak 43.06M) | Time:00:00.18 | Mem:0.20M, Peak:0.24M | Scene, ViewLayer | Updating Mesh | Copying Mesh to device
Fra:1 Mem:15.13M (Peak 43.06M) | Time:00:00.18 | Mem:0.24M, Peak:0.24M | Scene, ViewLayer | Updating Objects Flags
Fra:1 Mem:15.13M (Peak 43.06M) | Time:00:00.18 | Mem:0.24M, Peak:0.24M | Scene, ViewLayer | Updating Primitive Offsets
Fra:1 Mem:15.13M (Peak 43.06M) | Time:00:00.18 | Mem:0.24M, Peak:0.24M | Scene, ViewLayer | Updating Images
Fra:1 Mem:15.13M (Peak 43.06M) | Time:00:00.18 | Mem:0.24M, Peak:0.24M | Scene, ViewLayer | Updating Camera Volume
Fra:1 Mem:15.13M (Peak 43.06M) | Time:00:00.18 | Mem:0.24M, Peak:0.24M | Scene, ViewLayer | Updating Lookup Tables
Fra:1 Mem:15.13M (Peak 43.06M) | Time:00:00.18 | Mem:0.32M, Peak:0.32M | Scene, ViewLayer | Updating Lights
Fra:1 Mem:15.13M (Peak 43.06M) | Time:00:00.18 | Mem:0.32M, Peak:0.32M | Scene, ViewLayer | Updating Lights | Computing tree
Fra:1 Mem:15.13M (Peak 43.06M) | Time:00:00.18 | Mem:0.32M, Peak:0.32M | Scene, ViewLayer | Updating Integrator
Fra:1 Mem:15.13M (Peak 43.06M) | Time:00:00.18 | Mem:0.32M, Peak:0.32M | Scene, ViewLayer | Updating Film
Fra:1 Mem:15.14M (Peak 43.06M) | Time:00:00.18 | Mem:0.24M, Peak:0.32M | Scene, ViewLayer | Updating Lookup Tables
Fra:1 Mem:15.14M (Peak 43.06M) | Time:00:00.18 | Mem:0.33M, Peak:0.33M | Scene, ViewLayer | Updating Baking
Fra:1 Mem:15.14M (Peak 43.06M) | Time:00:00.18 | Mem:0.33M, Peak:0.33M | Scene, ViewLayer | Updating Device | Writing constant memory
Fra:1 Mem:15.14M (Peak 43.06M) | Time:00:00.18 | Mem:0.33M, Peak:0.33M | Scene, ViewLayer | Loading denoising kernels (may take a few minutes the first time)
Fra:1 Mem:31.08M (Peak 43.06M) | Time:00:00.18 | Mem:1402.83M, Peak:1402.83M | Scene, ViewLayer | Sample 0/64
Fra:1 Mem:181.38M (Peak 181.38M) | Time:00:00.19 | Remaining:00:00.61 | Mem:1553.13M, Peak:1553.13M | Scene, ViewLayer | Sample 1/64
Fra:1 Mem:244.67M (Peak 339.59M) | Time:00:03.15 | Mem:1553.13M, Peak:1553.13M | Scene, ViewLayer | Sample 64/64
Fra:1 Mem:244.67M (Peak 339.59M) | Time:00:03.15 | Mem:1553.13M, Peak:1553.13M | Scene, ViewLayer | Finished
Saved: 'samples/zoo/star6_demo.png'
Time: 00:03.37 (Saving: 00:00.15)

================================================================
edi_realize — M0 crypt realizer
blender version: 4.5.9 LTS
scale S = 1  (corridor_w=5 door_w=4 wall_h=12 tile=5 ft)
inverted model: nodes=0 levels=1 feet_per_band=14 ft (Z=level*pitch)
reference overlay: off  (figure 6 ft FIXED + 5 ft floor checker)
manifest: samples/zoo/tester_zoo.manifest.toon  asset-dir: /home/kogaRyu/edi-blender-lab/samples/zoo
map: 'star6 demo'  units=feet
rooms=1 (span=0 open=0) connections=0 nodes=0 blocks=4
pieces=169 lights=0 instances=4
piece-type counts:
  ceiling_slab       64
  column             1
  floor_tile         64
  instance           4
  wall_corner        4
  wall_panel         32
structural piece types present: 5/10  -> ['floor_tile', 'wall_panel', 'wall_corner', 'ceiling_slab', 'column']
MISSING piece types: ['doorway_frame', 'end_cap', 'corridor_straight', 'corridor_l', 'stair']
manifest assets=1  resolved=['asset_0001']
  unresolved (greybox fallback)=[]
================================================================
render engine: CYCLES   compute_device_type: OPTIX   cycles.device: GPU
samples: 64   resolution: 1920x1080
cycles devices:
  [ ] CUDA   NVIDIA GeForce RTX 5090
  [ ] CPU    Intel Core i7-14700KF
  [X] OPTIX  NVIDIA GeForce RTX 5090
GPU CONFIRMED: rendering on OPTIX device(s): ['NVIDIA GeForce RTX 5090']
render complete: samples/zoo/star6_demo.png   wall-time: 3.4s
GATE timing: PASS (<120s)  actual 3.4s
================================================================
